#
# There is insufficient memory for the Java Runtime Environment to continue.
# Native memory allocation (malloc) failed to allocate 1121840 bytes. Error detail: Chunk::new
# Possible reasons:
#   The system is out of physical RAM or swap space
#   This process is running with CompressedOops enabled, and the Java Heap may be blocking the growth of the native heap
# Possible solutions:
#   Reduce memory load on the system
#   Increase physical memory or swap space
#   Check if swap backing store is full
#   Decrease Java heap size (-Xmx/-Xms)
#   Decrease number of Java threads
#   Decrease Java thread stack sizes (-Xss)
#   Set larger code cache with -XX:ReservedCodeCacheSize=
#   JVM is running with Unscaled Compressed Oops mode in which the Java heap is
#     placed in the first 4GB address space. The Java Heap base address is the
#     maximum limit for the native heap growth. Please use -XX:HeapBaseMinAddress
#     to set the Java Heap base and to place the Java Heap above 4GB virtual address.
# This output file may be truncated or incomplete.
#
#  Out of Memory Error (arena.cpp:168), pid=5320, tid=5516
#
# JRE version: OpenJDK Runtime Environment Temurin-21.0.8+9 (21.0.8+9) (build 21.0.8+9-LTS)
# Java VM: OpenJDK 64-Bit Server VM Temurin-21.0.8+9 (21.0.8+9-LTS, mixed mode, sharing, tiered, compressed oops, compressed class ptrs, parallel gc, windows-amd64)
# No core dump will be written. Minidumps are not enabled by default on client versions of Windows
#

---------------  S U M M A R Y ------------

Command Line: --add-modules=ALL-SYSTEM --add-opens=java.base/java.util=ALL-UNNAMED --add-opens=java.base/java.lang=ALL-UNNAMED --add-opens=java.base/sun.nio.fs=ALL-UNNAMED -Declipse.application=org.eclipse.jdt.ls.core.id1 -Dosgi.bundles.defaultStartLevel=4 -Declipse.product=org.eclipse.jdt.ls.core.product -Djava.import.generatesMetadataFilesAtProjectRoot=false -DDetectVMInstallationsJob.disabled=true -Dfile.encoding=utf8 -XX:+UseParallelGC -XX:GCTimeRatio=4 -XX:AdaptiveSizePolicyWeight=90 -Dsun.zip.disableMemoryMapping=true -Xmx2G -Xms100m -Xlog:disable -javaagent:c:\Users\BLAISE\.vscode\extensions\redhat.java-1.47.0-win32-x64\lombok\lombok-1.18.39-4050.jar -XX:+HeapDumpOnOutOfMemoryError -XX:HeapDumpPath=c:\Users\BLAISE\AppData\Roaming\Code\User\workspaceStorage\0e358f78172ccc5e559d5fe6147bdd1e\redhat.java -Daether.dependencyCollector.impl=bf c:\Users\BLAISE\.vscode\extensions\redhat.java-1.47.0-win32-x64\server\plugins\org.eclipse.equinox.launcher_1.7.100.v20251014-1222.jar -configuration c:\Users\BLAISE\AppData\Roaming\Code\User\globalStorage\redhat.java\1.47.0\config_win -data c:\Users\BLAISE\AppData\Roaming\Code\User\workspaceStorage\0e358f78172ccc5e559d5fe6147bdd1e\redhat.java\jdt_ws --pipe=\\.\pipe\lsp-5c625333f53c189be762ebf5355ecc63-sock

Host: Intel(R) Core(TM) i5-7200U CPU @ 2.50GHz, 4 cores, 15G,  Windows 10 , 64 bit Build 19041 (10.0.19041.5915)
Time: Thu Nov  6 12:25:56 2025 Libya Standard Time elapsed time: 47.933561 seconds (0d 0h 0m 47s)

---------------  T H R E A D  ---------------

Current thread (0x000002074500bf80):  JavaThread "C2 CompilerThread0" daemon [_thread_in_native, id=5516, stack(0x000000a255d00000,0x000000a255e00000) (1024K)]


Current CompileTask:
C2:47933 14464       4       lombok.core.AST::buildWithField (21 bytes)

Stack: [0x000000a255d00000,0x000000a255e00000]
Native frames: (J=compiled Java code, j=interpreted, Vv=VM code, C=native code)
V  [jvm.dll+0x6d2449]
V  [jvm.dll+0x8ae341]
V  [jvm.dll+0x8b08be]
V  [jvm.dll+0x8b0fa3]
V  [jvm.dll+0x280c96]
V  [jvm.dll+0xc581d]
V  [jvm.dll+0xc5d53]
V  [jvm.dll+0x3b919c]
V  [jvm.dll+0x1e1213]
V  [jvm.dll+0x249022]
V  [jvm.dll+0x2484af]
V  [jvm.dll+0x1c89ee]
V  [jvm.dll+0x257d4d]
V  [jvm.dll+0x2562ea]
V  [jvm.dll+0x3f2d16]
V  [jvm.dll+0x857e6b]
V  [jvm.dll+0x6d0b0d]
C  [ucrtbase.dll+0x21bb2]
C  [KERNEL32.DLL+0x17374]
C  [ntdll.dll+0x4cc91]


---------------  P R O C E S S  ---------------

Threads class SMR info:
_java_thread_list=0x0000020761dcd8d0, length=46, elements={
0x0000020745115cc0, 0x0000020745002130, 0x00000207450036d0, 0x0000020745006f00,
0x0000020745007b50, 0x00000207450087a0, 0x000002074500b200, 0x000002074500bf80,
0x000002074507c150, 0x000002075c6b0ec0, 0x000002075c95f920, 0x000002076164e8b0,
0x0000020761851fe0, 0x00000207614f6fc0, 0x00000207614f79f0, 0x00000207450372e0,
0x000002076147b230, 0x0000020761016860, 0x0000020761015b40, 0x0000020761017580,
0x00000207610161d0, 0x0000020761014100, 0x0000020761014e20, 0x00000207610154b0,
0x0000020761e126a0, 0x0000020761e12d30, 0x0000020761e15490, 0x0000020761e133c0,
0x0000020761e13a50, 0x0000020761e140e0, 0x0000020761e14770, 0x0000020761e14e00,
0x0000020761e12010, 0x0000020761d9bd80, 0x0000020761d9d7c0, 0x0000020761d9de50,
0x0000020764f08c00, 0x0000020764f06b30, 0x0000020764f0a640, 0x0000020764f07ee0,
0x0000020764f03d40, 0x0000020764f0b360, 0x0000020764f043d0, 0x0000020764f064a0,
0x0000020764f050f0, 0x0000020764f05780
}

Java Threads: ( => current thread )
  0x0000020745115cc0 JavaThread "main"                              [_thread_blocked, id=1100, stack(0x000000a255300000,0x000000a255400000) (1024K)]
  0x0000020745002130 JavaThread "Reference Handler"          daemon [_thread_blocked, id=1036, stack(0x000000a255700000,0x000000a255800000) (1024K)]
  0x00000207450036d0 JavaThread "Finalizer"                  daemon [_thread_blocked, id=9252, stack(0x000000a255800000,0x000000a255900000) (1024K)]
  0x0000020745006f00 JavaThread "Signal Dispatcher"          daemon [_thread_blocked, id=13860, stack(0x000000a255900000,0x000000a255a00000) (1024K)]
  0x0000020745007b50 JavaThread "Attach Listener"            daemon [_thread_blocked, id=11428, stack(0x000000a255a00000,0x000000a255b00000) (1024K)]
  0x00000207450087a0 JavaThread "Service Thread"             daemon [_thread_blocked, id=2716, stack(0x000000a255b00000,0x000000a255c00000) (1024K)]
  0x000002074500b200 JavaThread "Monitor Deflation Thread"   daemon [_thread_blocked, id=1780, stack(0x000000a255c00000,0x000000a255d00000) (1024K)]
=>0x000002074500bf80 JavaThread "C2 CompilerThread0"         daemon [_thread_in_native, id=5516, stack(0x000000a255d00000,0x000000a255e00000) (1024K)]
  0x000002074507c150 JavaThread "C1 CompilerThread0"         daemon [_thread_blocked, id=15784, stack(0x000000a255e00000,0x000000a255f00000) (1024K)]
  0x000002075c6b0ec0 JavaThread "Common-Cleaner"             daemon [_thread_blocked, id=11308, stack(0x000000a255f00000,0x000000a256000000) (1024K)]
  0x000002075c95f920 JavaThread "Notification Thread"        daemon [_thread_blocked, id=15740, stack(0x000000a256100000,0x000000a256200000) (1024K)]
  0x000002076164e8b0 JavaThread "Active Thread: Equinox Container: 057984b3-a9a9-491e-bc2f-0f59e1be3d42"        [_thread_blocked, id=7972, stack(0x000000a256500000,0x000000a256600000) (1024K)]
  0x0000020761851fe0 JavaThread "Refresh Thread: Equinox Container: 057984b3-a9a9-491e-bc2f-0f59e1be3d42" daemon [_thread_blocked, id=6376, stack(0x000000a256600000,0x000000a256700000) (1024K)]
  0x00000207614f6fc0 JavaThread "Framework Event Dispatcher: Equinox Container: 057984b3-a9a9-491e-bc2f-0f59e1be3d42" daemon [_thread_blocked, id=18760, stack(0x000000a256000000,0x000000a256100000) (1024K)]
  0x00000207614f79f0 JavaThread "Start Level: Equinox Container: 057984b3-a9a9-491e-bc2f-0f59e1be3d42" daemon [_thread_blocked, id=724, stack(0x000000a256700000,0x000000a256800000) (1024K)]
  0x00000207450372e0 JavaThread "Bundle File Closer"         daemon [_thread_blocked, id=18352, stack(0x000000a256800000,0x000000a256900000) (1024K)]
  0x000002076147b230 JavaThread "SCR Component Actor"        daemon [_thread_blocked, id=19244, stack(0x000000a256900000,0x000000a256a00000) (1024K)]
  0x0000020761016860 JavaThread "Worker-JM"                         [_thread_blocked, id=18120, stack(0x000000a256a00000,0x000000a256b00000) (1024K)]
  0x0000020761015b40 JavaThread "JNA Cleaner"                daemon [_thread_blocked, id=5144, stack(0x000000a256b00000,0x000000a256c00000) (1024K)]
  0x0000020761017580 JavaThread "Worker-0"                          [_thread_blocked, id=13916, stack(0x000000a256c00000,0x000000a256d00000) (1024K)]
  0x00000207610161d0 JavaThread "Worker-1"                          [_thread_blocked, id=5252, stack(0x000000a256d00000,0x000000a256e00000) (1024K)]
  0x0000020761014100 JavaThread "Worker-2"                          [_thread_blocked, id=5544, stack(0x000000a256e00000,0x000000a256f00000) (1024K)]
  0x0000020761014e20 JavaThread "Java indexing"              daemon [_thread_blocked, id=14240, stack(0x000000a257000000,0x000000a257100000) (1024K)]
  0x00000207610154b0 JavaThread "Worker-3"                          [_thread_blocked, id=4888, stack(0x000000a257300000,0x000000a257400000) (1024K)]
  0x0000020761e126a0 JavaThread "Worker-4"                          [_thread_blocked, id=2604, stack(0x000000a257400000,0x000000a257500000) (1024K)]
  0x0000020761e12d30 JavaThread "Thread-1"                   daemon [_thread_in_native, id=12576, stack(0x000000a257500000,0x000000a257600000) (1024K)]
  0x0000020761e15490 JavaThread "Thread-2"                   daemon [_thread_in_native, id=4348, stack(0x000000a257600000,0x000000a257700000) (1024K)]
  0x0000020761e133c0 JavaThread "Thread-3"                   daemon [_thread_in_native, id=2500, stack(0x000000a257700000,0x000000a257800000) (1024K)]
  0x0000020761e13a50 JavaThread "Thread-4"                   daemon [_thread_in_native, id=7888, stack(0x000000a257800000,0x000000a257900000) (1024K)]
  0x0000020761e140e0 JavaThread "Thread-5"                   daemon [_thread_in_native, id=15968, stack(0x000000a257900000,0x000000a257a00000) (1024K)]
  0x0000020761e14770 JavaThread "pool-2-thread-1"                   [_thread_blocked, id=10816, stack(0x000000a257a00000,0x000000a257b00000) (1024K)]
  0x0000020761e14e00 JavaThread "WorkspaceEventsHandler"            [_thread_blocked, id=3472, stack(0x000000a257b00000,0x000000a257c00000) (1024K)]
  0x0000020761e12010 JavaThread "pool-1-thread-1"                   [_thread_in_Java, id=16496, stack(0x000000a257c00000,0x000000a257d00000) (1024K)]
  0x0000020761d9bd80 JavaThread "ForkJoinPool.commonPool-worker-1" daemon [_thread_blocked, id=11588, stack(0x000000a257e00000,0x000000a257f00000) (1024K)]
  0x0000020761d9d7c0 JavaThread "ForkJoinPool.commonPool-worker-2" daemon [_thread_blocked, id=17380, stack(0x000000a257f00000,0x000000a258000000) (1024K)]
  0x0000020761d9de50 JavaThread "ForkJoinPool.commonPool-worker-3" daemon [_thread_blocked, id=15920, stack(0x000000a258000000,0x000000a258100000) (1024K)]
  0x0000020764f08c00 JavaThread "Cleaner-0"                  daemon [_thread_blocked, id=2696, stack(0x000000a258100000,0x000000a258200000) (1024K)]
  0x0000020764f06b30 JavaThread "LocalFile Deleter"          daemon [_thread_blocked, id=12084, stack(0x000000a258200000,0x000000a258300000) (1024K)]
  0x0000020764f0a640 JavaThread "LocalFile Deleter"          daemon [_thread_blocked, id=15364, stack(0x000000a258300000,0x000000a258400000) (1024K)]
  0x0000020764f07ee0 JavaThread "LocalFile Deleter"          daemon [_thread_blocked, id=1952, stack(0x000000a258400000,0x000000a258500000) (1024K)]
  0x0000020764f03d40 JavaThread "LocalFile Deleter"          daemon [_thread_blocked, id=8856, stack(0x000000a258500000,0x000000a258600000) (1024K)]
  0x0000020764f0b360 JavaThread "Compiler Source File Reader" daemon [_thread_blocked, id=15788, stack(0x000000a258600000,0x000000a258700000) (1024K)]
  0x0000020764f043d0 JavaThread "Compiler Source File Reader" daemon [_thread_blocked, id=13244, stack(0x000000a258700000,0x000000a258800000) (1024K)]
  0x0000020764f064a0 JavaThread "Compiler Processing Task"   daemon [_thread_blocked, id=3076, stack(0x000000a256f00000,0x000000a257000000) (1024K)]
  0x0000020764f050f0 JavaThread "Compiler Class File Writer" daemon [_thread_blocked, id=11068, stack(0x000000a258800000,0x000000a258900000) (1024K)]
  0x0000020764f05780 JavaThread "Compiler Class File Writer" daemon [_thread_blocked, id=17920, stack(0x000000a258900000,0x000000a258a00000) (1024K)]
Total: 46

Other Threads:
  0x00000207451d5f20 VMThread "VM Thread"                           [id=13928, stack(0x000000a255600000,0x000000a255700000) (1024K)]
  0x00000207451817e0 WatcherThread "VM Periodic Task Thread"        [id=17996, stack(0x000000a255500000,0x000000a255600000) (1024K)]
  0x0000020745136c20 WorkerThread "GC Thread#0"                     [id=9188, stack(0x000000a255400000,0x000000a255500000) (1024K)]
  0x000002075ca45a00 WorkerThread "GC Thread#1"                     [id=14680, stack(0x000000a256200000,0x000000a256300000) (1024K)]
  0x000002075ca45da0 WorkerThread "GC Thread#2"                     [id=13028, stack(0x000000a256300000,0x000000a256400000) (1024K)]
  0x000002075ca46140 WorkerThread "GC Thread#3"                     [id=18932, stack(0x000000a256400000,0x000000a256500000) (1024K)]
Total: 6

Threads with active compile tasks:
C2 CompilerThread0  47972 14464       4       lombok.core.AST::buildWithField (21 bytes)
Total: 1

VM state: not at safepoint (normal execution)

VM Mutex/Monitor currently owned by a thread: None

Heap address: 0x0000000080000000, size: 2048 MB, Compressed Oops mode: 32-bit

CDS archive(s) mapped at: [0x0000020700000000-0x0000020700ba0000-0x0000020700ba0000), size 12189696, SharedBaseAddress: 0x0000020700000000, ArchiveRelocationMode: 1.
Compressed class space mapped at: 0x0000020701000000-0x0000020741000000, reserved size: 1073741824
Narrow klass base: 0x0000020700000000, Narrow klass shift: 0, Narrow klass range: 0x100000000

GC Precious Log:
 CardTable entry size: 512
 CPUs: 4 total, 4 available
 Memory: 16281M
 Large Page Support: Disabled
 NUMA Support: Disabled
 Compressed Oops: Enabled (32-bit)
 Alignments: Space 512K, Generation 512K, Heap 2M
 Heap Min Capacity: 100M
 Heap Initial Capacity: 100M
 Heap Max Capacity: 2G
 Pre-touch: Disabled
 Parallel Workers: 4

Heap:
 PSYoungGen      total 2048K, used 1571K [0x00000000d5580000, 0x00000000d5880000, 0x0000000100000000)
  eden space 1536K, 81% used [0x00000000d5580000,0x00000000d56b8c48,0x00000000d5700000)
  from space 512K, 62% used [0x00000000d5700000,0x00000000d5750000,0x00000000d5780000)
  to   space 512K, 0% used [0x00000000d5800000,0x00000000d5800000,0x00000000d5880000)
 ParOldGen       total 129536K, used 121586K [0x0000000080000000, 0x0000000087e80000, 0x00000000d5580000)
  object space 129536K, 93% used [0x0000000080000000,0x00000000876bc800,0x0000000087e80000)
 Metaspace       used 77318K, committed 78976K, reserved 1179648K
  class space    used 8054K, committed 8832K, reserved 1048576K

Card table byte_map: [0x0000020744ac0000,0x0000020744ed0000] _byte_map_base: 0x00000207446c0000

Marking Bits: (ParMarkBitMap*) 0x00007ffcb106a340
 Begin Bits: [0x00000207575c0000, 0x00000207595c0000)
 End Bits:   [0x00000207595c0000, 0x000002075b5c0000)

Polling page: 0x0000020742e60000

Metaspace:

Usage:
  Non-class:     67.64 MB used.
      Class:      7.87 MB used.
       Both:     75.51 MB used.

Virtual space:
  Non-class space:      128.00 MB reserved,      68.50 MB ( 54%) committed,  2 nodes.
      Class space:        1.00 GB reserved,       8.62 MB ( <1%) committed,  1 nodes.
             Both:        1.12 GB reserved,      77.12 MB (  7%) committed. 

Chunk freelists:
   Non-Class:  11.25 MB
       Class:  7.31 MB
        Both:  18.56 MB

MaxMetaspaceSize: unlimited
CompressedClassSpaceSize: 1.00 GB
Initial GC threshold: 21.00 MB
Current GC threshold: 124.50 MB
CDS: on
 - commit_granule_bytes: 65536.
 - commit_granule_words: 8192.
 - virtual_space_node_default_size: 8388608.
 - enlarge_chunks_in_place: 1.
 - use_allocation_guard: 0.


Internal statistics:

num_allocs_failed_limit: 9.
num_arena_births: 1370.
num_arena_deaths: 14.
num_vsnodes_births: 3.
num_vsnodes_deaths: 0.
num_space_committed: 1234.
num_space_uncommitted: 0.
num_chunks_returned_to_freelist: 23.
num_chunks_taken_from_freelist: 4918.
num_chunk_merges: 12.
num_chunk_splits: 3025.
num_chunks_enlarged: 1688.
num_inconsistent_stats: 0.

CodeHeap 'non-profiled nmethods': size=120000Kb used=8622Kb max_used=8622Kb free=111377Kb
 bounds [0x000002074fde0000, 0x0000020750650000, 0x0000020757310000]
CodeHeap 'profiled nmethods': size=120000Kb used=31278Kb max_used=31278Kb free=88721Kb
 bounds [0x0000020748310000, 0x000002074a1a0000, 0x000002074f840000]
CodeHeap 'non-nmethods': size=5760Kb used=1492Kb max_used=1599Kb free=4267Kb
 bounds [0x000002074f840000, 0x000002074fab0000, 0x000002074fde0000]
CodeCache: size=245760Kb, used=41392Kb, max_used=41499Kb, free=204365Kb
 total_blobs=13852, nmethods=13036, adapters=720, full_count=0
Compilation: enabled, stopped_count=0, restarted_count=0

Compilation events (20 events):
Event: 47.908 Thread 0x000002074507c150 14481   !   3       java.nio.file.Files::readAllBytes (127 bytes)
Event: 47.909 Thread 0x000002074507c150 nmethod 14481 0x000002074a186b90 code [0x000002074a186ea0, 0x000002074a188118]
Event: 47.909 Thread 0x000002074507c150 14483       3       org.eclipse.jdt.internal.compiler.parser.Scanner::<init> (482 bytes)
Event: 47.911 Thread 0x000002074507c150 nmethod 14483 0x000002074a188990 code [0x000002074a188c20, 0x000002074a189e90]
Event: 47.911 Thread 0x000002074507c150 14482       3       org.eclipse.jdt.internal.compiler.parser.Parser::consumeImportDeclarations (5 bytes)
Event: 47.911 Thread 0x000002074507c150 nmethod 14482 0x000002074a18a510 code [0x000002074a18a6c0, 0x000002074a18a8e8]
Event: 47.911 Thread 0x000002074507c150 14484       3       org.eclipse.jdt.internal.compiler.parser.Parser::consumeSingleVariableDeclaratorList (5 bytes)
Event: 47.911 Thread 0x000002074507c150 nmethod 14484 0x000002074a18aa10 code [0x000002074a18abc0, 0x000002074a18ade8]
Event: 47.912 Thread 0x000002074507c150 14486       3       lombok.eclipse.agent.PatchVal::couldBe (291 bytes)
Event: 47.913 Thread 0x000002074507c150 nmethod 14486 0x000002074a18af10 code [0x000002074a18b240, 0x000002074a18c758]
Event: 47.913 Thread 0x000002074507c150 14487       3       org.eclipse.jdt.internal.core.SourceMethod::calculateHashCode (15 bytes)
Event: 47.914 Thread 0x000002074507c150 nmethod 14487 0x000002074a18cf90 code [0x000002074a18d160, 0x000002074a18d420]
Event: 47.914 Thread 0x000002074507c150 14488       3       org.eclipse.jdt.internal.core.CompilationUnitStructureRequestor::acceptAnnotation (207 bytes)
Event: 47.915 Thread 0x000002074507c150 nmethod 14488 0x000002074a18d590 code [0x000002074a18d8a0, 0x000002074a18edd8]
Event: 47.915 Thread 0x000002074507c150 14489       3       org.eclipse.jdt.internal.core.SourceMethod::<init> (9 bytes)
Event: 47.916 Thread 0x000002074507c150 nmethod 14489 0x000002074a18f690 code [0x000002074a18f860, 0x000002074a18fbc0]
Event: 47.916 Thread 0x000002074507c150 14490       3       org.eclipse.jdt.internal.core.Annotation::<init> (9 bytes)
Event: 47.916 Thread 0x000002074507c150 nmethod 14490 0x000002074a18fd90 code [0x000002074a18ff80, 0x000002074a190478]
Event: 47.916 Thread 0x000002074507c150 14491       1       org.eclipse.jdt.internal.core.JavaModel::getElementType (2 bytes)
Event: 47.917 Thread 0x000002074507c150 nmethod 14491 0x000002075064b610 code [0x000002075064b7a0, 0x000002075064b868]

GC Heap History (20 events):
Event: 46.123 GC heap before
{Heap before GC invocations=329 (full 5):
 PSYoungGen      total 2048K, used 1792K [0x00000000d5580000, 0x00000000d5880000, 0x0000000100000000)
  eden space 1536K, 100% used [0x00000000d5580000,0x00000000d5700000,0x00000000d5700000)
  from space 512K, 50% used [0x00000000d5700000,0x00000000d5740000,0x00000000d5780000)
  to   space 512K, 0% used [0x00000000d5800000,0x00000000d5800000,0x00000000d5880000)
 ParOldGen       total 129536K, used 120972K [0x0000000080000000, 0x0000000087e80000, 0x00000000d5580000)
  object space 129536K, 93% used [0x0000000080000000,0x00000000876233c0,0x0000000087e80000)
 Metaspace       used 76643K, committed 78272K, reserved 1179648K
  class space    used 8003K, committed 8704K, reserved 1048576K
}
Event: 46.124 GC heap after
{Heap after GC invocations=329 (full 5):
 PSYoungGen      total 2048K, used 128K [0x00000000d5580000, 0x00000000d5880000, 0x0000000100000000)
  eden space 1536K, 0% used [0x00000000d5580000,0x00000000d5580000,0x00000000d5700000)
  from space 512K, 25% used [0x00000000d5800000,0x00000000d5820000,0x00000000d5880000)
  to   space 512K, 0% used [0x00000000d5700000,0x00000000d5700000,0x00000000d5780000)
 ParOldGen       total 129536K, used 121156K [0x0000000080000000, 0x0000000087e80000, 0x00000000d5580000)
  object space 129536K, 93% used [0x0000000080000000,0x00000000876513c0,0x0000000087e80000)
 Metaspace       used 76643K, committed 78272K, reserved 1179648K
  class space    used 8003K, committed 8704K, reserved 1048576K
}
Event: 46.235 GC heap before
{Heap before GC invocations=330 (full 5):
 PSYoungGen      total 2048K, used 1664K [0x00000000d5580000, 0x00000000d5880000, 0x0000000100000000)
  eden space 1536K, 100% used [0x00000000d5580000,0x00000000d5700000,0x00000000d5700000)
  from space 512K, 25% used [0x00000000d5800000,0x00000000d5820000,0x00000000d5880000)
  to   space 512K, 0% used [0x00000000d5700000,0x00000000d5700000,0x00000000d5780000)
 ParOldGen       total 129536K, used 121156K [0x0000000080000000, 0x0000000087e80000, 0x00000000d5580000)
  object space 129536K, 93% used [0x0000000080000000,0x00000000876513c0,0x0000000087e80000)
 Metaspace       used 76760K, committed 78336K, reserved 1179648K
  class space    used 8018K, committed 8704K, reserved 1048576K
}
Event: 46.236 GC heap after
{Heap after GC invocations=330 (full 5):
 PSYoungGen      total 2048K, used 224K [0x00000000d5580000, 0x00000000d5880000, 0x0000000100000000)
  eden space 1536K, 0% used [0x00000000d5580000,0x00000000d5580000,0x00000000d5700000)
  from space 512K, 43% used [0x00000000d5700000,0x00000000d5738000,0x00000000d5780000)
  to   space 512K, 0% used [0x00000000d5800000,0x00000000d5800000,0x00000000d5880000)
 ParOldGen       total 129536K, used 121212K [0x0000000080000000, 0x0000000087e80000, 0x00000000d5580000)
  object space 129536K, 93% used [0x0000000080000000,0x000000008765f3c0,0x0000000087e80000)
 Metaspace       used 76760K, committed 78336K, reserved 1179648K
  class space    used 8018K, committed 8704K, reserved 1048576K
}
Event: 46.304 GC heap before
{Heap before GC invocations=331 (full 5):
 PSYoungGen      total 2048K, used 1760K [0x00000000d5580000, 0x00000000d5880000, 0x0000000100000000)
  eden space 1536K, 100% used [0x00000000d5580000,0x00000000d5700000,0x00000000d5700000)
  from space 512K, 43% used [0x00000000d5700000,0x00000000d5738000,0x00000000d5780000)
  to   space 512K, 0% used [0x00000000d5800000,0x00000000d5800000,0x00000000d5880000)
 ParOldGen       total 129536K, used 121212K [0x0000000080000000, 0x0000000087e80000, 0x00000000d5580000)
  object space 129536K, 93% used [0x0000000080000000,0x000000008765f3c0,0x0000000087e80000)
 Metaspace       used 76917K, committed 78464K, reserved 1179648K
  class space    used 8027K, committed 8704K, reserved 1048576K
}
Event: 46.305 GC heap after
{Heap after GC invocations=331 (full 5):
 PSYoungGen      total 2048K, used 165K [0x00000000d5580000, 0x00000000d5880000, 0x0000000100000000)
  eden space 1536K, 0% used [0x00000000d5580000,0x00000000d5580000,0x00000000d5700000)
  from space 512K, 32% used [0x00000000d5800000,0x00000000d5829420,0x00000000d5880000)
  to   space 512K, 0% used [0x00000000d5700000,0x00000000d5700000,0x00000000d5780000)
 ParOldGen       total 129536K, used 121340K [0x0000000080000000, 0x0000000087e80000, 0x00000000d5580000)
  object space 129536K, 93% used [0x0000000080000000,0x000000008767f3c0,0x0000000087e80000)
 Metaspace       used 76917K, committed 78464K, reserved 1179648K
  class space    used 8027K, committed 8704K, reserved 1048576K
}
Event: 46.372 GC heap before
{Heap before GC invocations=332 (full 5):
 PSYoungGen      total 2048K, used 1701K [0x00000000d5580000, 0x00000000d5880000, 0x0000000100000000)
  eden space 1536K, 100% used [0x00000000d5580000,0x00000000d5700000,0x00000000d5700000)
  from space 512K, 32% used [0x00000000d5800000,0x00000000d5829420,0x00000000d5880000)
  to   space 512K, 0% used [0x00000000d5700000,0x00000000d5700000,0x00000000d5780000)
 ParOldGen       total 129536K, used 121340K [0x0000000080000000, 0x0000000087e80000, 0x00000000d5580000)
  object space 129536K, 93% used [0x0000000080000000,0x000000008767f3c0,0x0000000087e80000)
 Metaspace       used 77115K, committed 78720K, reserved 1179648K
  class space    used 8045K, committed 8768K, reserved 1048576K
}
Event: 46.373 GC heap after
{Heap after GC invocations=332 (full 5):
 PSYoungGen      total 2048K, used 160K [0x00000000d5580000, 0x00000000d5880000, 0x0000000100000000)
  eden space 1536K, 0% used [0x00000000d5580000,0x00000000d5580000,0x00000000d5700000)
  from space 512K, 31% used [0x00000000d5700000,0x00000000d5728020,0x00000000d5780000)
  to   space 512K, 0% used [0x00000000d5800000,0x00000000d5800000,0x00000000d5880000)
 ParOldGen       total 129536K, used 121457K [0x0000000080000000, 0x0000000087e80000, 0x00000000d5580000)
  object space 129536K, 93% used [0x0000000080000000,0x000000008769c7f0,0x0000000087e80000)
 Metaspace       used 77115K, committed 78720K, reserved 1179648K
  class space    used 8045K, committed 8768K, reserved 1048576K
}
Event: 46.450 GC heap before
{Heap before GC invocations=333 (full 5):
 PSYoungGen      total 2048K, used 1696K [0x00000000d5580000, 0x00000000d5880000, 0x0000000100000000)
  eden space 1536K, 100% used [0x00000000d5580000,0x00000000d5700000,0x00000000d5700000)
  from space 512K, 31% used [0x00000000d5700000,0x00000000d5728020,0x00000000d5780000)
  to   space 512K, 0% used [0x00000000d5800000,0x00000000d5800000,0x00000000d5880000)
 ParOldGen       total 129536K, used 121457K [0x0000000080000000, 0x0000000087e80000, 0x00000000d5580000)
  object space 129536K, 93% used [0x0000000080000000,0x000000008769c7f0,0x0000000087e80000)
 Metaspace       used 77174K, committed 78784K, reserved 1179648K
  class space    used 8050K, committed 8768K, reserved 1048576K
}
Event: 46.452 GC heap after
{Heap after GC invocations=333 (full 5):
 PSYoungGen      total 2048K, used 160K [0x00000000d5580000, 0x00000000d5880000, 0x0000000100000000)
  eden space 1536K, 0% used [0x00000000d5580000,0x00000000d5580000,0x00000000d5700000)
  from space 512K, 31% used [0x00000000d5800000,0x00000000d5828000,0x00000000d5880000)
  to   space 512K, 0% used [0x00000000d5700000,0x00000000d5700000,0x00000000d5780000)
 ParOldGen       total 129536K, used 121513K [0x0000000080000000, 0x0000000087e80000, 0x00000000d5580000)
  object space 129536K, 93% used [0x0000000080000000,0x00000000876aa7f0,0x0000000087e80000)
 Metaspace       used 77174K, committed 78784K, reserved 1179648K
  class space    used 8050K, committed 8768K, reserved 1048576K
}
Event: 46.651 GC heap before
{Heap before GC invocations=334 (full 5):
 PSYoungGen      total 2048K, used 1696K [0x00000000d5580000, 0x00000000d5880000, 0x0000000100000000)
  eden space 1536K, 100% used [0x00000000d5580000,0x00000000d5700000,0x00000000d5700000)
  from space 512K, 31% used [0x00000000d5800000,0x00000000d5828000,0x00000000d5880000)
  to   space 512K, 0% used [0x00000000d5700000,0x00000000d5700000,0x00000000d5780000)
 ParOldGen       total 129536K, used 121513K [0x0000000080000000, 0x0000000087e80000, 0x00000000d5580000)
  object space 129536K, 93% used [0x0000000080000000,0x00000000876aa7f0,0x0000000087e80000)
 Metaspace       used 77201K, committed 78784K, reserved 1179648K
  class space    used 8052K, committed 8768K, reserved 1048576K
}
Event: 46.653 GC heap after
{Heap after GC invocations=334 (full 5):
 PSYoungGen      total 2048K, used 160K [0x00000000d5580000, 0x00000000d5880000, 0x0000000100000000)
  eden space 1536K, 0% used [0x00000000d5580000,0x00000000d5580000,0x00000000d5700000)
  from space 512K, 31% used [0x00000000d5700000,0x00000000d5728000,0x00000000d5780000)
  to   space 512K, 0% used [0x00000000d5800000,0x00000000d5800000,0x00000000d5880000)
 ParOldGen       total 129536K, used 121570K [0x0000000080000000, 0x0000000087e80000, 0x00000000d5580000)
  object space 129536K, 93% used [0x0000000080000000,0x00000000876b8800,0x0000000087e80000)
 Metaspace       used 77201K, committed 78784K, reserved 1179648K
  class space    used 8052K, committed 8768K, reserved 1048576K
}
Event: 47.025 GC heap before
{Heap before GC invocations=335 (full 5):
 PSYoungGen      total 2048K, used 1696K [0x00000000d5580000, 0x00000000d5880000, 0x0000000100000000)
  eden space 1536K, 100% used [0x00000000d5580000,0x00000000d5700000,0x00000000d5700000)
  from space 512K, 31% used [0x00000000d5700000,0x00000000d5728000,0x00000000d5780000)
  to   space 512K, 0% used [0x00000000d5800000,0x00000000d5800000,0x00000000d5880000)
 ParOldGen       total 129536K, used 121570K [0x0000000080000000, 0x0000000087e80000, 0x00000000d5580000)
  object space 129536K, 93% used [0x0000000080000000,0x00000000876b8800,0x0000000087e80000)
 Metaspace       used 77220K, committed 78848K, reserved 1179648K
  class space    used 8052K, committed 8768K, reserved 1048576K
}
Event: 47.026 GC heap after
{Heap after GC invocations=335 (full 5):
 PSYoungGen      total 2048K, used 224K [0x00000000d5580000, 0x00000000d5880000, 0x0000000100000000)
  eden space 1536K, 0% used [0x00000000d5580000,0x00000000d5580000,0x00000000d5700000)
  from space 512K, 43% used [0x00000000d5800000,0x00000000d5838000,0x00000000d5880000)
  to   space 512K, 0% used [0x00000000d5700000,0x00000000d5700000,0x00000000d5780000)
 ParOldGen       total 129536K, used 121578K [0x0000000080000000, 0x0000000087e80000, 0x00000000d5580000)
  object space 129536K, 93% used [0x0000000080000000,0x00000000876ba800,0x0000000087e80000)
 Metaspace       used 77220K, committed 78848K, reserved 1179648K
  class space    used 8052K, committed 8768K, reserved 1048576K
}
Event: 47.361 GC heap before
{Heap before GC invocations=336 (full 5):
 PSYoungGen      total 2048K, used 1758K [0x00000000d5580000, 0x00000000d5880000, 0x0000000100000000)
  eden space 1536K, 99% used [0x00000000d5580000,0x00000000d56ffa38,0x00000000d5700000)
  from space 512K, 43% used [0x00000000d5800000,0x00000000d5838000,0x00000000d5880000)
  to   space 512K, 0% used [0x00000000d5700000,0x00000000d5700000,0x00000000d5780000)
 ParOldGen       total 129536K, used 121578K [0x0000000080000000, 0x0000000087e80000, 0x00000000d5580000)
  object space 129536K, 93% used [0x0000000080000000,0x00000000876ba800,0x0000000087e80000)
 Metaspace       used 77239K, committed 78912K, reserved 1179648K
  class space    used 8053K, committed 8832K, reserved 1048576K
}
Event: 47.363 GC heap after
{Heap after GC invocations=336 (full 5):
 PSYoungGen      total 2048K, used 256K [0x00000000d5580000, 0x00000000d5880000, 0x0000000100000000)
  eden space 1536K, 0% used [0x00000000d5580000,0x00000000d5580000,0x00000000d5700000)
  from space 512K, 50% used [0x00000000d5700000,0x00000000d5740000,0x00000000d5780000)
  to   space 512K, 0% used [0x00000000d5800000,0x00000000d5800000,0x00000000d5880000)
 ParOldGen       total 129536K, used 121578K [0x0000000080000000, 0x0000000087e80000, 0x00000000d5580000)
  object space 129536K, 93% used [0x0000000080000000,0x00000000876ba800,0x0000000087e80000)
 Metaspace       used 77239K, committed 78912K, reserved 1179648K
  class space    used 8053K, committed 8832K, reserved 1048576K
}
Event: 47.522 GC heap before
{Heap before GC invocations=337 (full 5):
 PSYoungGen      total 2048K, used 1792K [0x00000000d5580000, 0x00000000d5880000, 0x0000000100000000)
  eden space 1536K, 100% used [0x00000000d5580000,0x00000000d5700000,0x00000000d5700000)
  from space 512K, 50% used [0x00000000d5700000,0x00000000d5740000,0x00000000d5780000)
  to   space 512K, 0% used [0x00000000d5800000,0x00000000d5800000,0x00000000d5880000)
 ParOldGen       total 129536K, used 121578K [0x0000000080000000, 0x0000000087e80000, 0x00000000d5580000)
  object space 129536K, 93% used [0x0000000080000000,0x00000000876ba800,0x0000000087e80000)
 Metaspace       used 77266K, committed 78912K, reserved 1179648K
  class space    used 8053K, committed 8832K, reserved 1048576K
}
Event: 47.524 GC heap after
{Heap after GC invocations=337 (full 5):
 PSYoungGen      total 2048K, used 320K [0x00000000d5580000, 0x00000000d5880000, 0x0000000100000000)
  eden space 1536K, 0% used [0x00000000d5580000,0x00000000d5580000,0x00000000d5700000)
  from space 512K, 62% used [0x00000000d5800000,0x00000000d5850000,0x00000000d5880000)
  to   space 512K, 0% used [0x00000000d5700000,0x00000000d5700000,0x00000000d5780000)
 ParOldGen       total 129536K, used 121586K [0x0000000080000000, 0x0000000087e80000, 0x00000000d5580000)
  object space 129536K, 93% used [0x0000000080000000,0x00000000876bc800,0x0000000087e80000)
 Metaspace       used 77266K, committed 78912K, reserved 1179648K
  class space    used 8053K, committed 8832K, reserved 1048576K
}
Event: 47.893 GC heap before
{Heap before GC invocations=338 (full 5):
 PSYoungGen      total 2048K, used 1855K [0x00000000d5580000, 0x00000000d5880000, 0x0000000100000000)
  eden space 1536K, 99% used [0x00000000d5580000,0x00000000d56fffc0,0x00000000d5700000)
  from space 512K, 62% used [0x00000000d5800000,0x00000000d5850000,0x00000000d5880000)
  to   space 512K, 0% used [0x00000000d5700000,0x00000000d5700000,0x00000000d5780000)
 ParOldGen       total 129536K, used 121586K [0x0000000080000000, 0x0000000087e80000, 0x00000000d5580000)
  object space 129536K, 93% used [0x0000000080000000,0x00000000876bc800,0x0000000087e80000)
 Metaspace       used 77298K, committed 78912K, reserved 1179648K
  class space    used 8054K, committed 8832K, reserved 1048576K
}
Event: 47.895 GC heap after
{Heap after GC invocations=338 (full 5):
 PSYoungGen      total 2048K, used 320K [0x00000000d5580000, 0x00000000d5880000, 0x0000000100000000)
  eden space 1536K, 0% used [0x00000000d5580000,0x00000000d5580000,0x00000000d5700000)
  from space 512K, 62% used [0x00000000d5700000,0x00000000d5750000,0x00000000d5780000)
  to   space 512K, 0% used [0x00000000d5800000,0x00000000d5800000,0x00000000d5880000)
 ParOldGen       total 129536K, used 121586K [0x0000000080000000, 0x0000000087e80000, 0x00000000d5580000)
  object space 129536K, 93% used [0x0000000080000000,0x00000000876bc800,0x0000000087e80000)
 Metaspace       used 77298K, committed 78912K, reserved 1179648K
  class space    used 8054K, committed 8832K, reserved 1048576K
}

Dll operation events (12 events):
Event: 0.074 Loaded shared library c:\Users\BLAISE\.vscode\extensions\redhat.java-1.47.0-win32-x64\jre\21.0.8-win32-x86_64\bin\java.dll
Event: 0.405 Loaded shared library c:\Users\BLAISE\.vscode\extensions\redhat.java-1.47.0-win32-x64\jre\21.0.8-win32-x86_64\bin\zip.dll
Event: 0.452 Loaded shared library C:\Users\BLAISE\.vscode\extensions\redhat.java-1.47.0-win32-x64\jre\21.0.8-win32-x86_64\bin\instrument.dll
Event: 0.456 Loaded shared library C:\Users\BLAISE\.vscode\extensions\redhat.java-1.47.0-win32-x64\jre\21.0.8-win32-x86_64\bin\net.dll
Event: 0.459 Loaded shared library C:\Users\BLAISE\.vscode\extensions\redhat.java-1.47.0-win32-x64\jre\21.0.8-win32-x86_64\bin\nio.dll
Event: 0.463 Loaded shared library C:\Users\BLAISE\.vscode\extensions\redhat.java-1.47.0-win32-x64\jre\21.0.8-win32-x86_64\bin\zip.dll
Event: 0.522 Loaded shared library C:\Users\BLAISE\.vscode\extensions\redhat.java-1.47.0-win32-x64\jre\21.0.8-win32-x86_64\bin\jimage.dll
Event: 0.713 Loaded shared library c:\Users\BLAISE\.vscode\extensions\redhat.java-1.47.0-win32-x64\jre\21.0.8-win32-x86_64\bin\verify.dll
Event: 4.622 Loaded shared library C:\Users\BLAISE\AppData\Roaming\Code\User\globalStorage\redhat.java\1.47.0\config_win\org.eclipse.equinox.launcher\org.eclipse.equinox.launcher.win32.win32.x86_64_1.2.1400.v20250801-0854\eclipse_11916.dll
Event: 9.653 Loaded shared library C:\Users\BLAISE\AppData\Local\Temp\jna-1961720772\jna14101203824906424042.dll
Event: 16.566 Loaded shared library C:\Users\BLAISE\.vscode\extensions\redhat.java-1.47.0-win32-x64\jre\21.0.8-win32-x86_64\bin\sunmscapi.dll
Event: 16.982 Loaded shared library C:\Users\BLAISE\.vscode\extensions\redhat.java-1.47.0-win32-x64\jre\21.0.8-win32-x86_64\bin\extnet.dll

Deoptimization events (20 events):
Event: 46.380 Thread 0x0000020761017580 DEOPT PACKING pc=0x00000207502def20 sp=0x000000a256cfdbf0
Event: 46.380 Thread 0x0000020761017580 DEOPT UNPACKING pc=0x000002074f893aa2 sp=0x000000a256cfdb90 mode 2
Event: 46.562 Thread 0x0000020761014100 Uncommon trap: trap_request=0xffffffc6 fr.pc=0x00000207505d5450 relative=0x0000000000000450
Event: 46.562 Thread 0x0000020761014100 Uncommon trap: reason=bimorphic_or_optimized_type_check action=maybe_recompile pc=0x00000207505d5450 method=java.util.Arrays.binarySearch0([Ljava/lang/Object;IILjava/lang/Object;Ljava/util/Comparator;)I @ 48 c2
Event: 46.562 Thread 0x0000020761014100 DEOPT PACKING pc=0x00000207505d5450 sp=0x000000a256efeeb0
Event: 46.562 Thread 0x0000020761014100 DEOPT UNPACKING pc=0x000002074f893aa2 sp=0x000000a256efee58 mode 2
Event: 46.566 Thread 0x0000020761014100 Uncommon trap: trap_request=0xffffffc6 fr.pc=0x00000207505d5450 relative=0x0000000000000450
Event: 46.566 Thread 0x0000020761014100 Uncommon trap: reason=bimorphic_or_optimized_type_check action=maybe_recompile pc=0x00000207505d5450 method=java.util.Arrays.binarySearch0([Ljava/lang/Object;IILjava/lang/Object;Ljava/util/Comparator;)I @ 48 c2
Event: 46.566 Thread 0x0000020761014100 DEOPT PACKING pc=0x00000207505d5450 sp=0x000000a256efeeb0
Event: 46.566 Thread 0x0000020761014100 DEOPT UNPACKING pc=0x000002074f893aa2 sp=0x000000a256efee58 mode 2
Event: 47.015 Thread 0x0000020761e12010 Uncommon trap: trap_request=0xffffffc6 fr.pc=0x00000207505d5450 relative=0x0000000000000450
Event: 47.015 Thread 0x0000020761e12010 Uncommon trap: reason=bimorphic_or_optimized_type_check action=maybe_recompile pc=0x00000207505d5450 method=java.util.Arrays.binarySearch0([Ljava/lang/Object;IILjava/lang/Object;Ljava/util/Comparator;)I @ 48 c2
Event: 47.015 Thread 0x0000020761e12010 DEOPT PACKING pc=0x00000207505d5450 sp=0x000000a257cfd810
Event: 47.015 Thread 0x0000020761e12010 DEOPT UNPACKING pc=0x000002074f893aa2 sp=0x000000a257cfd7b8 mode 2
Event: 47.363 Thread 0x0000020761e12010 DEOPT PACKING pc=0x0000020748486087 sp=0x000000a257cfd800
Event: 47.363 Thread 0x0000020761e12010 DEOPT UNPACKING pc=0x000002074f894242 sp=0x000000a257cfccc8 mode 0
Event: 47.507 Thread 0x0000020761e12010 DEOPT PACKING pc=0x0000020748be2984 sp=0x000000a257cfdc00
Event: 47.507 Thread 0x0000020761e12010 DEOPT UNPACKING pc=0x000002074f894242 sp=0x000000a257cfd0b8 mode 0
Event: 47.664 Thread 0x0000020761e12010 DEOPT PACKING pc=0x00000207497965d3 sp=0x000000a257cfdc60
Event: 47.664 Thread 0x0000020761e12010 DEOPT UNPACKING pc=0x000002074f894242 sp=0x000000a257cfd1c8 mode 0

Classes loaded (20 events):
Event: 42.174 Loading class sun/nio/ch/ChannelOutputStream
Event: 42.174 Loading class sun/nio/ch/ChannelOutputStream done
Event: 42.589 Loading class java/io/BufferedReader$1
Event: 42.590 Loading class java/io/BufferedReader$1 done
Event: 44.326 Loading class java/lang/StringLatin1$LinesSpliterator
Event: 44.326 Loading class java/lang/StringLatin1$LinesSpliterator done
Event: 44.920 Loading class jdk/internal/module/IllegalAccessLogger
Event: 44.920 Loading class jdk/internal/module/IllegalAccessLogger done
Event: 44.931 Loading class java/util/concurrent/ArrayBlockingQueue
Event: 44.932 Loading class java/util/concurrent/ArrayBlockingQueue done
Event: 44.992 Loading class java/util/concurrent/ConcurrentHashMap$KeySpliterator
Event: 44.992 Loading class java/util/concurrent/ConcurrentHashMap$KeySpliterator done
Event: 45.832 Loading class jdk/internal/module/IllegalAccessLogger
Event: 45.832 Loading class jdk/internal/module/IllegalAccessLogger done
Event: 46.366 Loading class java/io/CharArrayWriter
Event: 46.366 Loading class java/io/CharArrayWriter done
Event: 46.379 Loading class java/nio/file/attribute/PosixFileAttributes
Event: 46.379 Loading class java/nio/file/attribute/PosixFileAttributes done
Event: 46.381 Loading class sun/nio/fs/WindowsFileCopy
Event: 46.382 Loading class sun/nio/fs/WindowsFileCopy done

Classes unloaded (7 events):
Event: 11.580 Thread 0x00000207451d5f20 Unloading class 0x00000207011ad400 'java/lang/invoke/LambdaForm$MH+0x00000207011ad400'
Event: 11.580 Thread 0x00000207451d5f20 Unloading class 0x00000207011ad000 'java/lang/invoke/LambdaForm$MH+0x00000207011ad000'
Event: 11.580 Thread 0x00000207451d5f20 Unloading class 0x00000207011acc00 'java/lang/invoke/LambdaForm$MH+0x00000207011acc00'
Event: 11.580 Thread 0x00000207451d5f20 Unloading class 0x00000207011ac800 'java/lang/invoke/LambdaForm$MH+0x00000207011ac800'
Event: 11.580 Thread 0x00000207451d5f20 Unloading class 0x00000207011ac400 'java/lang/invoke/LambdaForm$BMH+0x00000207011ac400'
Event: 11.580 Thread 0x00000207451d5f20 Unloading class 0x00000207011ac000 'java/lang/invoke/LambdaForm$DMH+0x00000207011ac000'
Event: 11.580 Thread 0x00000207451d5f20 Unloading class 0x00000207011aac00 'java/lang/invoke/LambdaForm$DMH+0x00000207011aac00'

Classes redefined (0 events):
No events

Internal exceptions (20 events):
Event: 42.919 Thread 0x0000020764f06b30 Exception <a 'sun/nio/fs/WindowsException'{0x00000000d5645e70}> (0x00000000d5645e70) 
thrown [s\src\hotspot\share\prims\jni.cpp, line 520]
Event: 42.920 Thread 0x0000020764f07ee0 Exception <a 'sun/nio/fs/WindowsException'{0x00000000d5649e60}> (0x00000000d5649e60) 
thrown [s\src\hotspot\share\prims\jni.cpp, line 520]
Event: 42.928 Thread 0x0000020764f07ee0 Exception <a 'sun/nio/fs/WindowsException'{0x00000000d564ed48}> (0x00000000d564ed48) 
thrown [s\src\hotspot\share\prims\jni.cpp, line 520]
Event: 42.929 Thread 0x0000020764f0a640 Exception <a 'sun/nio/fs/WindowsException'{0x00000000d564c558}> (0x00000000d564c558) 
thrown [s\src\hotspot\share\prims\jni.cpp, line 520]
Event: 42.941 Thread 0x0000020764f0a640 Exception <a 'sun/nio/fs/WindowsException'{0x00000000d5655810}> (0x00000000d5655810) 
thrown [s\src\hotspot\share\prims\jni.cpp, line 520]
Event: 42.947 Thread 0x0000020764f0a640 Exception <a 'sun/nio/fs/WindowsException'{0x00000000d565b680}> (0x00000000d565b680) 
thrown [s\src\hotspot\share\prims\jni.cpp, line 520]
Event: 42.952 Thread 0x00000207610161d0 Exception <a 'sun/nio/fs/WindowsException'{0x00000000d56619a8}> (0x00000000d56619a8) 
thrown [s\src\hotspot\share\prims\jni.cpp, line 520]
Event: 42.952 Thread 0x0000020764f06b30 Exception <a 'sun/nio/fs/WindowsException'{0x00000000d5668580}> (0x00000000d5668580) 
thrown [s\src\hotspot\share\prims\jni.cpp, line 520]
Event: 42.953 Thread 0x0000020764f0a640 Exception <a 'sun/nio/fs/WindowsException'{0x00000000d565cd80}> (0x00000000d565cd80) 
thrown [s\src\hotspot\share\prims\jni.cpp, line 520]
Event: 42.959 Thread 0x00000207610161d0 Exception <a 'java/lang/NoSuchMethodError'{0x00000000d5671d40}: 'java.lang.Object java.lang.invoke.DirectMethodHandle$Holder.invokeSpecial(java.lang.Object, java.lang.Object, int, java.lang.Object, java.lang.Object, java.lang.Object, java.lang.Object)'> (0x00000000d5671d40) 
thrown [s\src\hotspot\share\interpreter\linkResolver.cpp, line 773]
Event: 42.959 Thread 0x00000207610161d0 Exception <a 'java/lang/NoSuchMethodError'{0x00000000d56791c0}: 'java.lang.Object java.lang.invoke.DirectMethodHandle$Holder.newInvokeSpecial(java.lang.Object, java.lang.Object, int, java.lang.Object, java.lang.Object)'> (0x00000000d56791c0) 
thrown [s\src\hotspot\share\interpreter\linkResolver.cpp, line 773]
Event: 42.963 Thread 0x00000207610161d0 Exception <a 'java/lang/NoSuchMethodError'{0x00000000d5690d48}: 'java.lang.Object java.lang.invoke.DirectMethodHandle$Holder.invokeSpecial(java.lang.Object, java.lang.Object, java.lang.Object, int, java.lang.Object, java.lang.Object, java.lang.Object)'> (0x00000000d5690d48) 
thrown [s\src\hotspot\share\interpreter\linkResolver.cpp, line 773]
Event: 44.323 Thread 0x0000020761017580 Implicit null exception at 0x00000207502e8da5 to 0x00000207502e914c
Event: 44.331 Thread 0x0000020761017580 Exception <a 'java/lang/NoSuchMethodError'{0x00000000d5725828}: 'java.lang.Object java.lang.invoke.DirectMethodHandle$Holder.invokeStatic(java.lang.Object, int, java.lang.Object)'> (0x00000000d5725828) 
thrown [s\src\hotspot\share\interpreter\linkResolver.cpp, line 773]
Event: 44.961 Thread 0x0000020764f064a0 Exception <a 'java/lang/NoSuchMethodError'{0x00000000d5602738}: 'void java.lang.invoke.DirectMethodHandle$Holder.invokeStatic(java.lang.Object, int, java.lang.Object)'> (0x00000000d5602738) 
thrown [s\src\hotspot\share\interpreter\linkResolver.cpp, line 773]
Event: 44.995 Thread 0x0000020761017580 Exception <a 'java/lang/NoSuchMethodError'{0x00000000d55c3ad0}: 'java.lang.Object java.lang.invoke.DirectMethodHandle$Holder.newInvokeSpecial(java.lang.Object, java.lang.Object, int, int, java.lang.Object)'> (0x00000000d55c3ad0) 
thrown [s\src\hotspot\share\interpreter\linkResolver.cpp, line 773]
Event: 45.041 Thread 0x0000020764f064a0 Exception <a 'java/lang/NoSuchMethodError'{0x00000000d5682c60}: 'java.lang.Object java.lang.invoke.DirectMethodHandle$Holder.newInvokeSpecial(java.lang.Object, int, java.lang.Object, java.lang.Object, java.lang.Object)'> (0x00000000d5682c60) 
thrown [s\src\hotspot\share\interpreter\linkResolver.cpp, line 773]
Event: 45.853 Thread 0x0000020761017580 Exception <a 'sun/nio/fs/WindowsException'{0x00000000d55be220}> (0x00000000d55be220) 
thrown [s\src\hotspot\share\prims\jni.cpp, line 520]
Event: 45.853 Thread 0x0000020761017580 Exception <a 'sun/nio/fs/WindowsException'{0x00000000d55be850}> (0x00000000d55be850) 
thrown [s\src\hotspot\share\prims\jni.cpp, line 520]
Event: 46.382 Thread 0x0000020761017580 Exception <a 'sun/nio/fs/WindowsException'{0x00000000d55c0390}> (0x00000000d55c0390) 
thrown [s\src\hotspot\share\prims\jni.cpp, line 520]

ZGC Phase Switch (0 events):
No events

VM Operations (20 events):
Event: 46.123 Executing VM operation: ParallelGCFailedAllocation (Allocation Failure)
Event: 46.124 Executing VM operation: ParallelGCFailedAllocation (Allocation Failure) done
Event: 46.235 Executing VM operation: ParallelGCFailedAllocation (Allocation Failure)
Event: 46.236 Executing VM operation: ParallelGCFailedAllocation (Allocation Failure) done
Event: 46.304 Executing VM operation: ParallelGCFailedAllocation (Allocation Failure)
Event: 46.306 Executing VM operation: ParallelGCFailedAllocation (Allocation Failure) done
Event: 46.372 Executing VM operation: ParallelGCFailedAllocation (Allocation Failure)
Event: 46.374 Executing VM operation: ParallelGCFailedAllocation (Allocation Failure) done
Event: 46.450 Executing VM operation: ParallelGCFailedAllocation (Allocation Failure)
Event: 46.452 Executing VM operation: ParallelGCFailedAllocation (Allocation Failure) done
Event: 46.651 Executing VM operation: ParallelGCFailedAllocation (Allocation Failure)
Event: 46.653 Executing VM operation: ParallelGCFailedAllocation (Allocation Failure) done
Event: 47.025 Executing VM operation: ParallelGCFailedAllocation (Allocation Failure)
Event: 47.026 Executing VM operation: ParallelGCFailedAllocation (Allocation Failure) done
Event: 47.361 Executing VM operation: ParallelGCFailedAllocation (Allocation Failure)
Event: 47.363 Executing VM operation: ParallelGCFailedAllocation (Allocation Failure) done
Event: 47.522 Executing VM operation: ParallelGCFailedAllocation (Allocation Failure)
Event: 47.524 Executing VM operation: ParallelGCFailedAllocation (Allocation Failure) done
Event: 47.893 Executing VM operation: ParallelGCFailedAllocation (Allocation Failure)
Event: 47.895 Executing VM operation: ParallelGCFailedAllocation (Allocation Failure) done

Memory protections (0 events):
No events

Nmethod flushes (20 events):
Event: 43.488 Thread 0x00000207451d5f20 flushing  nmethod 0x0000020749165c90
Event: 43.488 Thread 0x00000207451d5f20 flushing  nmethod 0x0000020749172b90
Event: 43.488 Thread 0x00000207451d5f20 flushing  nmethod 0x0000020749175790
Event: 43.488 Thread 0x00000207451d5f20 flushing  nmethod 0x0000020749184410
Event: 43.488 Thread 0x00000207451d5f20 flushing  nmethod 0x000002074918d010
Event: 43.488 Thread 0x00000207451d5f20 flushing  nmethod 0x000002074918d510
Event: 43.488 Thread 0x00000207451d5f20 flushing  nmethod 0x000002074918d890
Event: 43.488 Thread 0x00000207451d5f20 flushing  nmethod 0x00000207491a4790
Event: 43.488 Thread 0x00000207451d5f20 flushing  nmethod 0x00000207491b2b10
Event: 43.488 Thread 0x00000207451d5f20 flushing  nmethod 0x00000207491c9d10
Event: 43.488 Thread 0x00000207451d5f20 flushing  nmethod 0x00000207491f5b10
Event: 43.488 Thread 0x00000207451d5f20 flushing  nmethod 0x0000020749268f10
Event: 43.488 Thread 0x00000207451d5f20 flushing  nmethod 0x00000207492a8890
Event: 43.488 Thread 0x00000207451d5f20 flushing  nmethod 0x00000207492beb10
Event: 43.488 Thread 0x00000207451d5f20 flushing  nmethod 0x00000207492bf410
Event: 43.488 Thread 0x00000207451d5f20 flushing  nmethod 0x00000207492ccd10
Event: 43.488 Thread 0x00000207451d5f20 flushing  nmethod 0x00000207492cda10
Event: 43.488 Thread 0x00000207451d5f20 flushing  nmethod 0x00000207492d0d90
Event: 43.488 Thread 0x00000207451d5f20 flushing  nmethod 0x00000207492da790
Event: 43.488 Thread 0x00000207451d5f20 flushing osr nmethod 0x00000207492feb90

Events (20 events):
Event: 42.892 Thread 0x00000207610161d0 Thread added: 0x0000020764f06b30
Event: 42.903 Thread 0x0000020764f06b30 Thread added: 0x0000020764f0a640
Event: 42.904 Thread 0x0000020764f06b30 Thread added: 0x0000020764f07ee0
Event: 42.920 Thread 0x0000020764f07ee0 Thread added: 0x0000020764f03d40
Event: 43.274 Thread 0x0000020761017580 Thread added: 0x0000020764f0b360
Event: 43.274 Thread 0x0000020761017580 Thread added: 0x0000020764f043d0
Event: 43.668 Thread 0x00000207646d0760 Thread exited: 0x00000207646d0760
Event: 44.932 Thread 0x0000020761017580 Thread added: 0x0000020764f064a0
Event: 44.996 Thread 0x0000020761017580 Thread added: 0x0000020764f050f0
Event: 45.044 Thread 0x0000020761017580 Thread added: 0x0000020764f05780
Event: 45.916 Thread 0x0000020761017580 Thread added: 0x0000020764f09290
Event: 45.916 Thread 0x0000020761017580 Thread added: 0x0000020764f07850
Event: 45.916 Thread 0x0000020761017580 Thread added: 0x0000020764f09920
Event: 45.916 Thread 0x0000020761017580 Thread added: 0x0000020761d9d130
Event: 45.916 Thread 0x0000020761017580 Thread added: 0x0000020761d9e4e0
Event: 46.070 Thread 0x0000020761d9e4e0 Thread exited: 0x0000020761d9e4e0
Event: 46.070 Thread 0x0000020764f07850 Thread exited: 0x0000020764f07850
Event: 46.071 Thread 0x0000020764f09920 Thread exited: 0x0000020764f09920
Event: 46.071 Thread 0x0000020764f09290 Thread exited: 0x0000020764f09290
Event: 46.071 Thread 0x0000020761d9d130 Thread exited: 0x0000020761d9d130


Dynamic libraries:
0x00007ff6c9690000 - 0x00007ff6c969e000 	c:\Users\BLAISE\.vscode\extensions\redhat.java-1.47.0-win32-x64\jre\21.0.8-win32-x86_64\bin\java.exe
0x00007ffd3bff0000 - 0x00007ffd3c1e8000 	C:\WINDOWS\SYSTEM32\ntdll.dll
0x00007ffd3acf0000 - 0x00007ffd3adb2000 	C:\WINDOWS\System32\KERNEL32.DLL
0x00007ffd39b30000 - 0x00007ffd39e26000 	C:\WINDOWS\System32\KERNELBASE.dll
0x00007ffd39860000 - 0x00007ffd39960000 	C:\WINDOWS\System32\ucrtbase.dll
0x00007ffcf9ed0000 - 0x00007ffcf9ee8000 	c:\Users\BLAISE\.vscode\extensions\redhat.java-1.47.0-win32-x64\jre\21.0.8-win32-x86_64\bin\jli.dll
0x00007ffd3b980000 - 0x00007ffd3bb21000 	C:\WINDOWS\System32\USER32.dll
0x00007ffd39b00000 - 0x00007ffd39b22000 	C:\WINDOWS\System32\win32u.dll
0x00007ffd3adf0000 - 0x00007ffd3ae1b000 	C:\WINDOWS\System32\GDI32.dll
0x00007ffd39e30000 - 0x00007ffd39f49000 	C:\WINDOWS\System32\gdi32full.dll
0x00007ffd39960000 - 0x00007ffd399fd000 	C:\WINDOWS\System32\msvcp_win.dll
0x00007ffcf7640000 - 0x00007ffcf765e000 	c:\Users\BLAISE\.vscode\extensions\redhat.java-1.47.0-win32-x64\jre\21.0.8-win32-x86_64\bin\VCRUNTIME140.dll
0x00007ffd1bbc0000 - 0x00007ffd1be5b000 	C:\WINDOWS\WinSxS\amd64_microsoft.windows.common-controls_6595b64144ccf1df_6.0.19041.6456_none_60b8a6cb71f64256\COMCTL32.dll
0x00007ffd3bf10000 - 0x00007ffd3bfae000 	C:\WINDOWS\System32\msvcrt.dll
0x00007ffd3adc0000 - 0x00007ffd3adef000 	C:\WINDOWS\System32\IMM32.DLL
0x00007ffd225d0000 - 0x00007ffd225dc000 	c:\Users\BLAISE\.vscode\extensions\redhat.java-1.47.0-win32-x64\jre\21.0.8-win32-x86_64\bin\vcruntime140_1.dll
0x00007ffcf2060000 - 0x00007ffcf20ed000 	c:\Users\BLAISE\.vscode\extensions\redhat.java-1.47.0-win32-x64\jre\21.0.8-win32-x86_64\bin\msvcp140.dll
0x00007ffcb03b0000 - 0x00007ffcb1147000 	c:\Users\BLAISE\.vscode\extensions\redhat.java-1.47.0-win32-x64\jre\21.0.8-win32-x86_64\bin\server\jvm.dll
0x00007ffd3b840000 - 0x00007ffd3b8f1000 	C:\WINDOWS\System32\ADVAPI32.dll
0x00007ffd3a010000 - 0x00007ffd3a0af000 	C:\WINDOWS\System32\sechost.dll
0x00007ffd3abd0000 - 0x00007ffd3acf0000 	C:\WINDOWS\System32\RPCRT4.dll
0x00007ffd39f50000 - 0x00007ffd39f77000 	C:\WINDOWS\System32\bcrypt.dll
0x00007ffd3bd90000 - 0x00007ffd3bdfb000 	C:\WINDOWS\System32\WS2_32.dll
0x00007ffd394e0000 - 0x00007ffd3952b000 	C:\WINDOWS\SYSTEM32\POWRPROF.dll
0x00007ffd23200000 - 0x00007ffd23227000 	C:\WINDOWS\SYSTEM32\WINMM.dll
0x00007ffd2e6c0000 - 0x00007ffd2e6ca000 	C:\WINDOWS\SYSTEM32\VERSION.dll
0x00007ffd394c0000 - 0x00007ffd394d2000 	C:\WINDOWS\SYSTEM32\UMPDC.dll
0x00007ffd37e80000 - 0x00007ffd37e92000 	C:\WINDOWS\SYSTEM32\kernel.appcore.dll
0x00007ffd22570000 - 0x00007ffd2257a000 	c:\Users\BLAISE\.vscode\extensions\redhat.java-1.47.0-win32-x64\jre\21.0.8-win32-x86_64\bin\jimage.dll
0x00007ffd34340000 - 0x00007ffd34541000 	C:\WINDOWS\SYSTEM32\DBGHELP.DLL
0x00007ffd1fc10000 - 0x00007ffd1fc44000 	C:\WINDOWS\SYSTEM32\dbgcore.DLL
0x00007ffd39f80000 - 0x00007ffd3a002000 	C:\WINDOWS\System32\bcryptPrimitives.dll
0x00007ffd22390000 - 0x00007ffd2239f000 	c:\Users\BLAISE\.vscode\extensions\redhat.java-1.47.0-win32-x64\jre\21.0.8-win32-x86_64\bin\instrument.dll
0x00007ffcf47a0000 - 0x00007ffcf47bf000 	c:\Users\BLAISE\.vscode\extensions\redhat.java-1.47.0-win32-x64\jre\21.0.8-win32-x86_64\bin\java.dll
0x00007ffd3b070000 - 0x00007ffd3b7e0000 	C:\WINDOWS\System32\SHELL32.dll
0x00007ffd34550000 - 0x00007ffd34cf5000 	C:\WINDOWS\SYSTEM32\windows.storage.dll
0x00007ffd3a5d0000 - 0x00007ffd3a924000 	C:\WINDOWS\System32\combase.dll
0x00007ffd38ef0000 - 0x00007ffd38f1b000 	C:\WINDOWS\SYSTEM32\Wldp.dll
0x00007ffd3ab00000 - 0x00007ffd3abcd000 	C:\WINDOWS\System32\OLEAUT32.dll
0x00007ffd3afb0000 - 0x00007ffd3b05d000 	C:\WINDOWS\System32\SHCORE.dll
0x00007ffd3b7e0000 - 0x00007ffd3b83b000 	C:\WINDOWS\System32\shlwapi.dll
0x00007ffd395b0000 - 0x00007ffd395d4000 	C:\WINDOWS\SYSTEM32\profapi.dll
0x00007ffcf4780000 - 0x00007ffcf4798000 	c:\Users\BLAISE\.vscode\extensions\redhat.java-1.47.0-win32-x64\jre\21.0.8-win32-x86_64\bin\zip.dll
0x00007ffd18b20000 - 0x00007ffd18b30000 	C:\Users\BLAISE\.vscode\extensions\redhat.java-1.47.0-win32-x64\jre\21.0.8-win32-x86_64\bin\net.dll
0x00007ffd2daa0000 - 0x00007ffd2dbaa000 	C:\WINDOWS\SYSTEM32\WINHTTP.dll
0x00007ffd38cd0000 - 0x00007ffd38d3a000 	C:\WINDOWS\system32\mswsock.dll
0x00007ffcf3220000 - 0x00007ffcf3236000 	C:\Users\BLAISE\.vscode\extensions\redhat.java-1.47.0-win32-x64\jre\21.0.8-win32-x86_64\bin\nio.dll
0x00007ffd17700000 - 0x00007ffd17710000 	c:\Users\BLAISE\.vscode\extensions\redhat.java-1.47.0-win32-x64\jre\21.0.8-win32-x86_64\bin\verify.dll
0x00007ffcf1b30000 - 0x00007ffcf1b74000 	C:\Users\BLAISE\AppData\Roaming\Code\User\globalStorage\redhat.java\1.47.0\config_win\org.eclipse.equinox.launcher\org.eclipse.equinox.launcher.win32.win32.x86_64_1.2.1400.v20250801-0854\eclipse_11916.dll
0x00007ffd3ae20000 - 0x00007ffd3af4b000 	C:\WINDOWS\System32\ole32.dll
0x00007ffd38f30000 - 0x00007ffd38f48000 	C:\WINDOWS\SYSTEM32\CRYPTSP.dll
0x00007ffd38610000 - 0x00007ffd38648000 	C:\WINDOWS\system32\rsaenh.dll
0x00007ffd39530000 - 0x00007ffd3955e000 	C:\WINDOWS\SYSTEM32\USERENV.dll
0x00007ffd38e60000 - 0x00007ffd38e6c000 	C:\WINDOWS\SYSTEM32\CRYPTBASE.dll
0x00007ffd389d0000 - 0x00007ffd38a0b000 	C:\WINDOWS\SYSTEM32\IPHLPAPI.DLL
0x00007ffd3bf00000 - 0x00007ffd3bf08000 	C:\WINDOWS\System32\NSI.dll
0x00007ffcee8c0000 - 0x00007ffcee909000 	C:\Users\BLAISE\AppData\Local\Temp\jna-1961720772\jna14101203824906424042.dll
0x00007ffd3be00000 - 0x00007ffd3be08000 	C:\WINDOWS\System32\PSAPI.DLL
0x00007ffd2f590000 - 0x00007ffd2f5a7000 	C:\WINDOWS\SYSTEM32\dhcpcsvc6.DLL
0x00007ffd2edd0000 - 0x00007ffd2eded000 	C:\WINDOWS\SYSTEM32\dhcpcsvc.DLL
0x00007ffd05630000 - 0x00007ffd0563e000 	C:\Users\BLAISE\.vscode\extensions\redhat.java-1.47.0-win32-x64\jre\21.0.8-win32-x86_64\bin\sunmscapi.dll
0x00007ffd39700000 - 0x00007ffd3985d000 	C:\WINDOWS\System32\CRYPT32.dll
0x00007ffd39040000 - 0x00007ffd39067000 	C:\WINDOWS\SYSTEM32\ncrypt.dll
0x00007ffd39000000 - 0x00007ffd3903b000 	C:\WINDOWS\SYSTEM32\NTASN1.dll
0x00007ffd38a10000 - 0x00007ffd38ada000 	C:\WINDOWS\SYSTEM32\DNSAPI.dll
0x000000005f540000 - 0x000000005f566000 	C:\Program Files\Bonjour\mdnsNSP.dll
0x00007ffd27de0000 - 0x00007ffd27dea000 	C:\Windows\System32\rasadhlp.dll
0x00007ffd27e40000 - 0x00007ffd27ec0000 	C:\WINDOWS\System32\fwpuclnt.dll
0x00007ffd05620000 - 0x00007ffd05629000 	C:\Users\BLAISE\.vscode\extensions\redhat.java-1.47.0-win32-x64\jre\21.0.8-win32-x86_64\bin\extnet.dll
0x00007ffd38860000 - 0x00007ffd38893000 	C:\WINDOWS\SYSTEM32\ntmarta.dll

JVMTI agents:
c:\Users\BLAISE\.vscode\extensions\redhat.java-1.47.0-win32-x64\lombok\lombok-1.18.39-4050.jar path:c:\Users\BLAISE\.vscode\extensions\redhat.java-1.47.0-win32-x64\jre\21.0.8-win32-x86_64\bin\instrument.dll, loaded, initialized, instrumentlib options:none

dbghelp: loaded successfully - version: 4.0.5 - missing functions: none
symbol engine: initialized successfully - sym options: 0x614 - pdb path: .;c:\Users\BLAISE\.vscode\extensions\redhat.java-1.47.0-win32-x64\jre\21.0.8-win32-x86_64\bin;C:\WINDOWS\SYSTEM32;C:\WINDOWS\WinSxS\amd64_microsoft.windows.common-controls_6595b64144ccf1df_6.0.19041.6456_none_60b8a6cb71f64256;c:\Users\BLAISE\.vscode\extensions\redhat.java-1.47.0-win32-x64\jre\21.0.8-win32-x86_64\bin\server;C:\Users\BLAISE\AppData\Roaming\Code\User\globalStorage\redhat.java\1.47.0\config_win\org.eclipse.equinox.launcher\org.eclipse.equinox.launcher.win32.win32.x86_64_1.2.1400.v20250801-0854;C:\Users\BLAISE\AppData\Local\Temp\jna-1961720772;C:\Program Files\Bonjour

VM Arguments:
jvm_args: --add-modules=ALL-SYSTEM --add-opens=java.base/java.util=ALL-UNNAMED --add-opens=java.base/java.lang=ALL-UNNAMED --add-opens=java.base/sun.nio.fs=ALL-UNNAMED -Declipse.application=org.eclipse.jdt.ls.core.id1 -Dosgi.bundles.defaultStartLevel=4 -Declipse.product=org.eclipse.jdt.ls.core.product -Djava.import.generatesMetadataFilesAtProjectRoot=false -DDetectVMInstallationsJob.disabled=true -Dfile.encoding=utf8 -XX:+UseParallelGC -XX:GCTimeRatio=4 -XX:AdaptiveSizePolicyWeight=90 -Dsun.zip.disableMemoryMapping=true -Xmx2G -Xms100m -Xlog:disable -javaagent:c:\Users\BLAISE\.vscode\extensions\redhat.java-1.47.0-win32-x64\lombok\lombok-1.18.39-4050.jar -XX:+HeapDumpOnOutOfMemoryError -XX:HeapDumpPath=c:\Users\BLAISE\AppData\Roaming\Code\User\workspaceStorage\0e358f78172ccc5e559d5fe6147bdd1e\redhat.java -Daether.dependencyCollector.impl=bf 
java_command: c:\Users\BLAISE\.vscode\extensions\redhat.java-1.47.0-win32-x64\server\plugins\org.eclipse.equinox.launcher_1.7.100.v20251014-1222.jar -configuration c:\Users\BLAISE\AppData\Roaming\Code\User\globalStorage\redhat.java\1.47.0\config_win -data c:\Users\BLAISE\AppData\Roaming\Code\User\workspaceStorage\0e358f78172ccc5e559d5fe6147bdd1e\redhat.java\jdt_ws --pipe=\\.\pipe\lsp-5c625333f53c189be762ebf5355ecc63-sock
java_class_path (initial): c:\Users\BLAISE\.vscode\extensions\redhat.java-1.47.0-win32-x64\server\plugins\org.eclipse.equinox.launcher_1.7.100.v20251014-1222.jar
Launcher Type: SUN_STANDARD

[Global flags]
    uintx AdaptiveSizePolicyWeight                 = 90                                        {product} {command line}
     intx CICompilerCount                          = 3                                         {product} {ergonomic}
    uintx GCTimeRatio                              = 4                                         {product} {command line}
     bool HeapDumpOnOutOfMemoryError               = true                                   {manageable} {command line}
    ccstr HeapDumpPath                             = c:\Users\BLAISE\AppData\Roaming\Code\User\workspaceStorage\0e358f78172ccc5e559d5fe6147bdd1e\redhat.java         {manageable} {command line}
   size_t InitialHeapSize                          = 104857600                                 {product} {command line}
   size_t MaxHeapSize                              = 2147483648                                {product} {command line}
   size_t MaxNewSize                               = 715653120                                 {product} {ergonomic}
   size_t MinHeapDeltaBytes                        = 524288                                    {product} {ergonomic}
   size_t MinHeapSize                              = 104857600                                 {product} {command line}
   size_t NewSize                                  = 34603008                                  {product} {ergonomic}
    uintx NonNMethodCodeHeapSize                   = 5832780                                {pd product} {ergonomic}
    uintx NonProfiledCodeHeapSize                  = 122912730                              {pd product} {ergonomic}
   size_t OldSize                                  = 70254592                                  {product} {ergonomic}
    uintx ProfiledCodeHeapSize                     = 122912730                              {pd product} {ergonomic}
    uintx ReservedCodeCacheSize                    = 251658240                              {pd product} {ergonomic}
     bool SegmentedCodeCache                       = true                                      {product} {ergonomic}
   size_t SoftMaxHeapSize                          = 2147483648                             {manageable} {ergonomic}
     bool UseCompressedOops                        = true                           {product lp64_product} {ergonomic}
     bool UseLargePagesIndividualAllocation        = false                                  {pd product} {ergonomic}
     bool UseParallelGC                            = true                                      {product} {command line}

Logging:
Log output configuration:
 #0: stdout all=off uptime,level,tags foldmultilines=false
 #1: stderr all=off uptime,level,tags foldmultilines=false

Environment Variables:
JAVA_HOME=C:\Program Files\Java\jdk-17
PATH=G:\WINDOWS.X64_193000_db_home\bin;C:\Users\BLAISE\Downloads\Compressed\WINDOWS.X64_193000_db_home\bin;C:\Users\BLAISE\Downloads\Compressed\WINDOWS.X64_213000_db_home\bin;C:\Program Files\Common Files\Oracle\Java\javapath;C:\ProgramData\Oracle\Java\javapath;C:\WINDOWS\system32;C:\WINDOWS;C:\WINDOWS\System32\Wbem;C:\WINDOWS\System32\WindowsPowerShell\v1.0\;C:\WINDOWS\System32\OpenSSH\;C:\Program Files\Microsoft VS Code\bin;C:\Program Files\dotnet\;C:\apache-maven-3.9.9-bin\bin;%JAVA_HOME\bin;c:\Users\BLAISE\AppData\Local\Programs\cursor\resources\app\bin;C:\Program Files\Microsoft SQL Server\Client SDK\ODBC\170\Tools\Binn\;C:\Program Files (x86)\Windows Kits\10\Windows Performance Toolkit\;C:\Users\BLAISE\AppData\Local\Programs\Python\Python310;C:\Users\BLAISE\AppData\Local\Programs\Python\Python310\Scripts;C:\Program Files (x86)\Microsoft SQL Server\160\Tools\Binn\;C:\Program Files\Microsoft SQL Server\160\Tools\Binn\;C:\Program Files\Microsoft SQL Server\160\DTS\Binn\;C:\Program Files\nodejs\;C:\Program Files\Microsoft SQL Server\150\Tools\Binn\;C:\Program Files\Git\cmd;C:\Program Files\Microsoft SQL Server\170\DTS\Binn\;G:\WINDOWS.X64_193000_db_home\bin;C:\Users\BLAISE\Downloads\Compressed\WINDOWS.X64_193000_db_home\bin;C:\Users\BLAISE\Downloads\Compressed\WINDOWS.X64_213000_db_home\bin;C:\Program Files\Common Files\Oracle\Java\javapath;C:\ProgramData\Oracle\Java\javapath;C:\WINDOWS\system32;C:\WINDOWS;C:\WINDOWS\System32\Wbem;C:\WINDOWS\System32\WindowsPowerShell\v1.0\;C:\WINDOWS\System32\OpenSSH\;C:\Program Files\Microsoft VS Code\bin;C:\Program Files\dotnet\;C:\apache-maven-3.9.9-bin\bin;%JAVA_HOME\bin;C:\Program Files\nodejs\;c:\Users\BLAISE\AppData\Local\Programs\cursor\resources\app\bin;C:\Program Files\Git\cmd;C:\Program Files\Microsoft SQL Server\150\Tools\Binn\;C:\Program Files\Microsoft SQL Server\Client SDK\ODBC\170\Tools\Binn\;C:\Program Files (x86)\Windows Kits\10\Windows Performance Toolkit\;C:\Users\BLAISE\AppData\Local\Programs\Python\Python310;C:\Users\BLAISE\AppData\Local\Programs\Python\Python310\Scripts;C:\Users\BLAISE\AppData\Local\Programs\Python\Python310\Scripts\;C:\Users\BLAISE\AppData\Local\Programs\Python\Python310\;C:\Program Files (x86)\Common Files\Oracle\Java\javapath;C:\Users\BLAISE\AppData\Local\Microsoft\WindowsApps;C:\Program Files\JetBrains\IntelliJ IDEA 2023.1.2\bin;C:\Python34\Scripts;C:\Users\BLAISE\.dotnet\tools;C:\Users\BLAISE\Downloads\Compressed\apache-maven-3.9.9-bin\bin;C:\Program Files\Java\jdk-17\bin;C:\Program Files\JetBrains\WebStorm 2024.1\bin;C:\Program Files\JetBrains\PyCharm 2024.1.7\bin;C:\Program Files\JetBrains\DataGrip 2023.1.2\bin;C:\Users\BLAISE\AppData\Local\Programs\cursor\resources\app\bin;C:\flutter SDK\flutter\bin;C:\Program Files\JetBrains\IntelliJ IDEA 2023.1.2\bin;;C:\gradle-9.0.0-all\bin;C:\Users\BLAISE\AppData\Roaming\npm;C:\Users\BLAISE\.dotnet\tools;C:\Users\BLAISE\AppData\Local\Pub\Cache\bin;
USERNAME=BLAISE
OS=Windows_NT
PROCESSOR_IDENTIFIER=Intel64 Family 6 Model 142 Stepping 9, GenuineIntel
TMP=C:\Users\BLAISE\AppData\Local\Temp
TEMP=C:\Users\BLAISE\AppData\Local\Temp




Periodic native trim disabled

---------------  S Y S T E M  ---------------

OS:
 Windows 10 , 64 bit Build 19041 (10.0.19041.5915)
OS uptime: 0 days 19:02 hours
Hyper-V role detected

CPU: total 4 (initial active 4) (2 cores per cpu, 2 threads per core) family 6 model 142 stepping 9 microcode 0xb4, cx8, cmov, fxsr, ht, mmx, 3dnowpref, sse, sse2, sse3, ssse3, sse4.1, sse4.2, popcnt, lzcnt, tsc, tscinvbit, avx, avx2, aes, erms, clmul, bmi1, bmi2, adx, fma, vzeroupper, clflush, clflushopt, hv, rdtscp, f16c
Processor Information for the first 4 processors :
  Max Mhz: 2712, Current Mhz: 2511, Mhz Limit: 2495

Memory: 4k page, system-wide physical 16281M (250M free)
TotalPageFile size 22179M (AvailPageFile size 2M)
current process WorkingSet (physical memory assigned to process): 384M, peak: 423M
current process commit charge ("private bytes"): 437M, peak: 1662M

vm_info: OpenJDK 64-Bit Server VM (21.0.8+9-LTS) for windows-amd64 JRE (21.0.8+9-LTS), built on 2025-07-15T00:00:00Z by "admin" with MS VC++ 17.7 (VS2022)

END.
