#
# There is insufficient memory for the Java Runtime Environment to continue.
# Native memory allocation (mmap) failed to map 134217728 bytes for G1 virtual space
# Possible reasons:
#   The system is out of physical RAM or swap space
#   The process is running with CompressedOops enabled, and the Java Heap may be blocking the growth of the native heap
# Possible solutions:
#   Reduce memory load on the system
#   Increase physical memory or swap space
#   Check if swap backing store is full
#   Decrease Java heap size (-Xmx/-Xms)
#   Decrease number of Java threads
#   Decrease Java thread stack sizes (-Xss)
#   Set larger code cache with -XX:ReservedCodeCacheSize=
#   JVM is running with Unscaled Compressed Oops mode in which the Java heap is
#     placed in the first 4GB address space. The Java Heap base address is the
#     maximum limit for the native heap growth. Please use -XX:HeapBaseMinAddress
#     to set the Java Heap base and to place the Java Heap above 4GB virtual address.
# This output file may be truncated or incomplete.
#
#  Out of Memory Error (os_windows.cpp:3548), pid=5576, tid=14256
#
# JRE version:  (17.0.10+11) (build )
# Java VM: Java HotSpot(TM) 64-Bit Server VM (17.0.10+11-LTS-240, mixed mode, emulated-client, sharing, tiered, compressed oops, compressed class ptrs, g1 gc, windows-amd64)
# No core dump will be written. Minidumps are not enabled by default on client versions of Windows
#

---------------  S U M M A R Y ------------

Command Line: -XX:TieredStopAtLevel=1 -Xmx256m -Xms128m com.willy.Church.ChurchApplication

Host: Intel(R) Core(TM) i5-7200U CPU @ 2.50GHz, 4 cores, 15G,  Windows 10 , 64 bit Build 19041 (10.0.19041.5915)
Time: Thu Nov  6 12:36:01 2025 Libya Standard Time elapsed time: 0.023659 seconds (0d 0h 0m 0s)

---------------  T H R E A D  ---------------

Current thread (0x00000269f0f0e2d0):  JavaThread "Unknown thread" [_thread_in_vm, id=14256, stack(0x000000b921c00000,0x000000b921d00000)]

Stack: [0x000000b921c00000,0x000000b921d00000]
Native frames: (J=compiled Java code, j=interpreted, Vv=VM code, C=native code)
V  [jvm.dll+0x677a5a]
V  [jvm.dll+0x7d8b2d]
V  [jvm.dll+0x7da48e]
V  [jvm.dll+0x7daaf3]
V  [jvm.dll+0x2455ff]
V  [jvm.dll+0x6749b9]
V  [jvm.dll+0x669382]
V  [jvm.dll+0x302e96]
V  [jvm.dll+0x30a416]
V  [jvm.dll+0x359cbe]
V  [jvm.dll+0x359eef]
V  [jvm.dll+0x2d9e88]
V  [jvm.dll+0x2dadf4]
V  [jvm.dll+0x7aa551]
V  [jvm.dll+0x367911]
V  [jvm.dll+0x789639]
V  [jvm.dll+0x3eb30f]
V  [jvm.dll+0x3ecd91]
C  [jli.dll+0x5297]
C  [ucrtbase.dll+0x21bb2]
C  [KERNEL32.DLL+0x17374]
C  [ntdll.dll+0x4cc91]


---------------  P R O C E S S  ---------------

Threads class SMR info:
_java_thread_list=0x00007ffcba6c6a18, length=0, elements={
}

Java Threads: ( => current thread )

Other Threads:
  0x00000269f0f3d2a0 GCTaskThread "GC Thread#0" [stack: 0x000000b921d00000,0x000000b921e00000] [id=18504]
  0x00000269f0f3f1d0 ConcurrentGCThread "G1 Main Marker" [stack: 0x000000b921e00000,0x000000b921f00000] [id=18856]
  0x00000269f0f3fbe0 ConcurrentGCThread "G1 Conc#0" [stack: 0x000000b921f00000,0x000000b922000000] [id=11096]

[error occurred during error reporting (printing all threads), id 0xc0000005, EXCEPTION_ACCESS_VIOLATION (0xc0000005) at pc=0x00007ffcb9efaae7]

VM state: not at safepoint (not fully initialized)

VM Mutex/Monitor currently owned by a thread:  ([mutex/lock_event])
[0x00000269f0f0b2c0] Heap_lock - owner thread: 0x00000269f0f0e2d0

Heap address: 0x00000000f0000000, size: 256 MB, Compressed Oops mode: 32-bit

CDS archive(s) mapped at: [0x0000000000000000-0x0000000000000000-0x0000000000000000), size 0, SharedBaseAddress: 0x0000000800000000, ArchiveRelocationMode: 1.
Narrow klass base: 0x0000000000000000, Narrow klass shift: 0, Narrow klass range: 0x0

GC Precious Log:
<Empty>

Heap:
 garbage-first heap   total 0K, used 0K [0x00000000f0000000, 0x0000000100000000)
  region size 1024K, 0 young (0K), 0 survivors (0K)

[error occurred during error reporting (printing heap information), id 0xc0000005, EXCEPTION_ACCESS_VIOLATION (0xc0000005) at pc=0x00007ffcba2e1249]

GC Heap History (0 events):
No events

Deoptimization events (0 events):
No events

Classes unloaded (0 events):
No events

Classes redefined (0 events):
No events

Internal exceptions (0 events):
No events

VM Operations (0 events):
No events

Events (1 events):
Event: 0.015 Loaded shared library C:\Program Files\Java\jdk-17\bin\java.dll


Dynamic libraries:
0x00007ff7069e0000 - 0x00007ff7069f0000 	C:\Program Files\Java\jdk-17\bin\java.exe
0x00007ffd3bff0000 - 0x00007ffd3c1e8000 	C:\WINDOWS\SYSTEM32\ntdll.dll
0x00007ffd3acf0000 - 0x00007ffd3adb2000 	C:\WINDOWS\System32\KERNEL32.DLL
0x00007ffd39b30000 - 0x00007ffd39e26000 	C:\WINDOWS\System32\KERNELBASE.dll
0x00007ffd39860000 - 0x00007ffd39960000 	C:\WINDOWS\System32\ucrtbase.dll
0x00007ffd028d0000 - 0x00007ffd028e9000 	C:\Program Files\Java\jdk-17\bin\jli.dll
0x00007ffd3b840000 - 0x00007ffd3b8f1000 	C:\WINDOWS\System32\ADVAPI32.dll
0x00007ffd3bf10000 - 0x00007ffd3bfae000 	C:\WINDOWS\System32\msvcrt.dll
0x00007ffd3a010000 - 0x00007ffd3a0af000 	C:\WINDOWS\System32\sechost.dll
0x00007ffd3abd0000 - 0x00007ffd3acf0000 	C:\WINDOWS\System32\RPCRT4.dll
0x00007ffd39f50000 - 0x00007ffd39f77000 	C:\WINDOWS\System32\bcrypt.dll
0x00007ffd3b980000 - 0x00007ffd3bb21000 	C:\WINDOWS\System32\USER32.dll
0x00007ffd39b00000 - 0x00007ffd39b22000 	C:\WINDOWS\System32\win32u.dll
0x00007ffd3adf0000 - 0x00007ffd3ae1b000 	C:\WINDOWS\System32\GDI32.dll
0x00007ffd39e30000 - 0x00007ffd39f49000 	C:\WINDOWS\System32\gdi32full.dll
0x00007ffd39960000 - 0x00007ffd399fd000 	C:\WINDOWS\System32\msvcp_win.dll
0x00007ffcfa120000 - 0x00007ffcfa13b000 	C:\Program Files\Java\jdk-17\bin\VCRUNTIME140.dll
0x00007ffd1bbc0000 - 0x00007ffd1be5b000 	C:\WINDOWS\WinSxS\amd64_microsoft.windows.common-controls_6595b64144ccf1df_6.0.19041.6456_none_60b8a6cb71f64256\COMCTL32.dll
0x00007ffd2e6c0000 - 0x00007ffd2e6ca000 	C:\WINDOWS\SYSTEM32\VERSION.dll
0x00007ffd3adc0000 - 0x00007ffd3adef000 	C:\WINDOWS\System32\IMM32.DLL
0x00007ffd028b0000 - 0x00007ffd028bc000 	C:\Program Files\Java\jdk-17\bin\vcruntime140_1.dll
0x00007ffcc26c0000 - 0x00007ffcc274e000 	C:\Program Files\Java\jdk-17\bin\msvcp140.dll
0x00007ffcb9c10000 - 0x00007ffcba7ef000 	C:\Program Files\Java\jdk-17\bin\server\jvm.dll
0x00007ffd3be00000 - 0x00007ffd3be08000 	C:\WINDOWS\System32\PSAPI.DLL
0x00007ffd240a0000 - 0x00007ffd240a9000 	C:\WINDOWS\SYSTEM32\WSOCK32.dll
0x00007ffd3bd90000 - 0x00007ffd3bdfb000 	C:\WINDOWS\System32\WS2_32.dll
0x00007ffd23200000 - 0x00007ffd23227000 	C:\WINDOWS\SYSTEM32\WINMM.dll
0x00007ffd37e80000 - 0x00007ffd37e92000 	C:\WINDOWS\SYSTEM32\kernel.appcore.dll
0x00007ffcfdf10000 - 0x00007ffcfdf1a000 	C:\Program Files\Java\jdk-17\bin\jimage.dll
0x00007ffd34340000 - 0x00007ffd34541000 	C:\WINDOWS\SYSTEM32\DBGHELP.DLL
0x00007ffd1fc10000 - 0x00007ffd1fc44000 	C:\WINDOWS\SYSTEM32\dbgcore.DLL
0x00007ffd39f80000 - 0x00007ffd3a002000 	C:\WINDOWS\System32\bcryptPrimitives.dll
0x00007ffcf9840000 - 0x00007ffcf9865000 	C:\Program Files\Java\jdk-17\bin\java.dll

dbghelp: loaded successfully - version: 4.0.5 - missing functions: none
symbol engine: initialized successfully - sym options: 0x614 - pdb path: .;C:\Program Files\Java\jdk-17\bin;C:\WINDOWS\SYSTEM32;C:\WINDOWS\WinSxS\amd64_microsoft.windows.common-controls_6595b64144ccf1df_6.0.19041.6456_none_60b8a6cb71f64256;C:\Program Files\Java\jdk-17\bin\server

VM Arguments:
jvm_args: -XX:TieredStopAtLevel=1 -Xmx256m -Xms128m 
java_command: com.willy.Church.ChurchApplication
java_class_path (initial): C:\Users\BLAISE\Downloads\Church\target\classes;C:\Users\BLAISE\.m2\repository\org\springframework\boot\spring-boot\3.5.7\spring-boot-3.5.7.jar;C:\Users\BLAISE\.m2\repository\org\springframework\boot\spring-boot-autoconfigure\3.5.7\spring-boot-autoconfigure-3.5.7.jar;C:\Users\BLAISE\.m2\repository\ch\qos\logback\logback-classic\1.5.20\logback-classic-1.5.20.jar;C:\Users\BLAISE\.m2\repository\ch\qos\logback\logback-core\1.5.20\logback-core-1.5.20.jar;C:\Users\BLAISE\.m2\repository\org\apache\logging\log4j\log4j-to-slf4j\2.24.3\log4j-to-slf4j-2.24.3.jar;C:\Users\BLAISE\.m2\repository\org\apache\logging\log4j\log4j-api\2.24.3\log4j-api-2.24.3.jar;C:\Users\BLAISE\.m2\repository\org\slf4j\jul-to-slf4j\2.0.17\jul-to-slf4j-2.0.17.jar;C:\Users\BLAISE\.m2\repository\jakarta\annotation\jakarta.annotation-api\2.1.1\jakarta.annotation-api-2.1.1.jar;C:\Users\BLAISE\.m2\repository\org\yaml\snakeyaml\2.4\snakeyaml-2.4.jar;C:\Users\BLAISE\.m2\repository\com\zaxxer\HikariCP\6.3.3\HikariCP-6.3.3.jar;C:\Users\BLAISE\.m2\repository\org\springframework\spring-jdbc\6.2.12\spring-jdbc-6.2.12.jar;C:\Users\BLAISE\.m2\repository\org\hibernate\orm\hibernate-core\6.6.33.Final\hibernate-core-6.6.33.Final.jar;C:\Users\BLAISE\.m2\repository\jakarta\persistence\jakarta.persistence-api\3.1.0\jakarta.persistence-api-3.1.0.jar;C:\Users\BLAISE\.m2\repository\org\jboss\logging\jboss-logging\3.6.1.Final\jboss-logging-3.6.1.Final.jar;C:\Users\BLAISE\.m2\repository\org\hibernate\common\hibernate-commons-annotations\7.0.3.Final\hibernate-commons-annotations-7.0.3.Final.jar;C:\Users\BLAISE\.m2\repository\io\smallrye\jandex\3.2.0\jandex-3.2.0.jar;C:\Users\BLAISE\.m2\repository\com\fasterxml\classmate\1.7.1\classmate-1.7.1.jar;C:\Users\BLAISE\.m2\repository\net\bytebuddy\byte-buddy\1.17.8\byte-buddy-1.17.8.jar;C:\Users\BLAISE\.m2\repository\org\glassfish\jaxb\jaxb-runtime\4.0.6\jaxb-runtime-4.0.6.jar;C:\Users\BLAISE\.m2\repository\org\glassfish\jaxb\jaxb-core\4.0.6\jaxb-core-4.0.6
Launcher Type: SUN_STANDARD

[Global flags]
     intx CICompilerCount                          = 3                                         {product} {ergonomic}
     uint ConcGCThreads                            = 1                                         {product} {ergonomic}
     uint G1ConcRefinementThreads                  = 4                                         {product} {ergonomic}
   size_t G1HeapRegionSize                         = 1048576                                   {product} {ergonomic}
    uintx GCDrainStackTargetSize                   = 64                                        {product} {ergonomic}
   size_t InitialHeapSize                          = 134217728                                 {product} {command line}
   size_t MarkStackSize                            = 4194304                                   {product} {ergonomic}
   size_t MaxHeapSize                              = 268435456                                 {product} {command line}
   size_t MinHeapDeltaBytes                        = 1048576                                   {product} {ergonomic}
   size_t MinHeapSize                              = 134217728                                 {product} {command line}
    uintx NonProfiledCodeHeapSize                  = 0                                      {pd product} {ergonomic}
     bool ProfileInterpreter                       = false                                  {pd product} {command line}
    uintx ProfiledCodeHeapSize                     = 0                                      {pd product} {ergonomic}
   size_t SoftMaxHeapSize                          = 268435456                              {manageable} {ergonomic}
     intx TieredStopAtLevel                        = 1                                         {product} {command line}
     bool UseCompressedClassPointers               = true                           {product lp64_product} {ergonomic}
     bool UseCompressedOops                        = true                           {product lp64_product} {ergonomic}
     bool UseG1GC                                  = true                                      {product} {ergonomic}
     bool UseLargePagesIndividualAllocation        = false                                  {pd product} {ergonomic}

Logging:
Log output configuration:
 #0: stdout all=warning uptime,level,tags
 #1: stderr all=off uptime,level,tags

Environment Variables:
JAVA_HOME=C:\Program Files\Java\jdk-17
PATH=C:\Users\BLAISE\.virtualenvs\django-LbBq3dLg/Scripts;G:\WINDOWS.X64_193000_db_home\bin;C:\Users\BLAISE\Downloads\Compressed\WINDOWS.X64_193000_db_home\bin;C:\Users\BLAISE\Downloads\Compressed\WINDOWS.X64_213000_db_home\bin;C:\Program Files\Common Files\Oracle\Java\javapath;C:\ProgramData\Oracle\Java\javapath;C:\WINDOWS\system32;C:\WINDOWS;C:\WINDOWS\System32\Wbem;C:\WINDOWS\System32\WindowsPowerShell\v1.0\;C:\WINDOWS\System32\OpenSSH\;C:\Program Files\Microsoft VS Code\bin;C:\Program Files\dotnet\;C:\apache-maven-3.9.9-bin\bin;%JAVA_HOME\bin;c:\Users\BLAISE\AppData\Local\Programs\cursor\resources\app\bin;C:\Program Files\Microsoft SQL Server\Client SDK\ODBC\170\Tools\Binn\;C:\Program Files (x86)\Windows Kits\10\Windows Performance Toolkit\;C:\Users\BLAISE\AppData\Local\Programs\Python\Python310;C:\Users\BLAISE\AppData\Local\Programs\Python\Python310\Scripts;C:\Program Files (x86)\Microsoft SQL Server\160\Tools\Binn\;C:\Program Files\Microsoft SQL Server\160\Tools\Binn\;C:\Program Files\Microsoft SQL Server\160\DTS\Binn\;C:\Program Files\nodejs\;C:\Program Files\Microsoft SQL Server\150\Tools\Binn\;C:\Program Files\Git\cmd;C:\Program Files\Microsoft SQL Server\170\DTS\Binn\;G:\WINDOWS.X64_193000_db_home\bin;C:\Users\BLAISE\Downloads\Compressed\WINDOWS.X64_193000_db_home\bin;C:\Users\BLAISE\Downloads\Compressed\WINDOWS.X64_213000_db_home\bin;C:\Program Files\Common Files\Oracle\Java\javapath;C:\ProgramData\Oracle\Java\javapath;C:\WINDOWS\system32;C:\WINDOWS;C:\WINDOWS\System32\Wbem;C:\WINDOWS\System32\WindowsPowerShell\v1.0\;C:\WINDOWS\System32\OpenSSH\;C:\Program Files\Microsoft VS Code\bin;C:\Program Files\dotnet\;C:\apache-maven-3.9.9-bin\bin;%JAVA_HOME\bin;C:\Program Files\nodejs\;c:\Users\BLAISE\AppData\Local\Programs\cursor\resources\app\bin;C:\Program Files\Git\cmd;C:\Program Files\Microsoft SQL Server\150\Tools\Binn\;C:\Program Files\Microsoft SQL Server\Client SDK\ODBC\170\Tools\Binn\;C:\Program Files (x86)\Windows Kits\10\Windows Performance Toolkit\;C:\Us
USERNAME=BLAISE
LANG=en_US.UTF-8
OS=Windows_NT
PROCESSOR_IDENTIFIER=Intel64 Family 6 Model 142 Stepping 9, GenuineIntel



---------------  S Y S T E M  ---------------

OS:
 Windows 10 , 64 bit Build 19041 (10.0.19041.5915)
OS uptime: 0 days 19:12 hours
Hyper-V role detected

CPU: total 4 (initial active 4) (2 cores per cpu, 2 threads per core) family 6 model 142 stepping 9 microcode 0xb4, cx8, cmov, fxsr, ht, mmx, 3dnowpref, sse, sse2, sse3, ssse3, sse4.1, sse4.2, popcnt, lzcnt, tsc, tscinvbit, avx, avx2, aes, erms, clmul, bmi1, bmi2, adx, fma, vzeroupper, clflush, clflushopt, hv

Memory: 4k page, system-wide physical 16281M (1197M free)
TotalPageFile size 22179M (AvailPageFile size 110M)
current process WorkingSet (physical memory assigned to process): 10M, peak: 10M
current process commit charge ("private bytes"): 46M, peak: 174M

vm_info: Java HotSpot(TM) 64-Bit Server VM (17.0.10+11-LTS-240) for windows-amd64 JRE (17.0.10+11-LTS-240), built on Dec 19 2023 21:47:25 by "mach5one" with MS VC++ 17.1 (VS2022)

END.
