#
# There is insufficient memory for the Java Runtime Environment to continue.
# Native memory allocation (mmap) failed to map 8388608 bytes for G1 virtual space
# Possible reasons:
#   The system is out of physical RAM or swap space
#   The process is running with CompressedOops enabled, and the Java Heap may be blocking the growth of the native heap
# Possible solutions:
#   Reduce memory load on the system
#   Increase physical memory or swap space
#   Check if swap backing store is full
#   Decrease Java heap size (-Xmx/-Xms)
#   Decrease number of Java threads
#   Decrease Java thread stack sizes (-Xss)
#   Set larger code cache with -XX:ReservedCodeCacheSize=
#   JVM is running with Zero Based Compressed Oops mode in which the Java heap is
#     placed in the first 32GB address space. The Java Heap base address is the
#     maximum limit for the native heap growth. Please use -XX:HeapBaseMinAddress
#     to set the Java Heap base and to place the Java Heap above 32GB virtual address.
# This output file may be truncated or incomplete.
#
#  Out of Memory Error (os_windows.cpp:3548), pid=10744, tid=1772
#
# JRE version: Java(TM) SE Runtime Environment (17.0.10+11) (build 17.0.10+11-LTS-240)
# Java VM: Java HotSpot(TM) 64-Bit Server VM (17.0.10+11-LTS-240, mixed mode, sharing, tiered, compressed oops, compressed class ptrs, g1 gc, windows-amd64)
# No core dump will be written. Minidumps are not enabled by default on client versions of Windows
#

---------------  S U M M A R Y ------------

Command Line: -Dapplication.home=C:\Program Files\Java\jdk-17 --add-modules=ALL-DEFAULT -Xms8m -Djdk.module.main=jdk.compiler jdk.compiler/com.sun.tools.javac.Main AttendanceController.java

Host: Intel(R) Core(TM) i5-7200U CPU @ 2.50GHz, 4 cores, 15G,  Windows 10 , 64 bit Build 19041 (10.0.19041.5915)
Time: Thu Nov  6 12:27:25 2025 Libya Standard Time elapsed time: 1.380864 seconds (0d 0h 0m 1s)

---------------  T H R E A D  ---------------

Current thread (0x000001e2ea5e9f40):  VMThread "VM Thread" [stack: 0x000000541cd00000,0x000000541ce00000] [id=1772]

Stack: [0x000000541cd00000,0x000000541ce00000]
Native frames: (J=compiled Java code, j=interpreted, Vv=VM code, C=native code)
V  [jvm.dll+0x677a5a]
V  [jvm.dll+0x7d8b2d]
V  [jvm.dll+0x7da48e]
V  [jvm.dll+0x7daaf3]
V  [jvm.dll+0x2455ff]
V  [jvm.dll+0x6749b9]
V  [jvm.dll+0x669382]
V  [jvm.dll+0x302e96]
V  [jvm.dll+0x30a416]
V  [jvm.dll+0x359cbe]
V  [jvm.dll+0x359eef]
V  [jvm.dll+0x2d9e88]
V  [jvm.dll+0x2d8295]
V  [jvm.dll+0x2d789c]
V  [jvm.dll+0x31b18b]
V  [jvm.dll+0x7df30b]
V  [jvm.dll+0x7e0044]
V  [jvm.dll+0x7e055d]
V  [jvm.dll+0x7e0934]
V  [jvm.dll+0x7e0a00]
V  [jvm.dll+0x78888a]
V  [jvm.dll+0x676935]
C  [ucrtbase.dll+0x21bb2]
C  [KERNEL32.DLL+0x17374]
C  [ntdll.dll+0x4cc91]

VM_Operation (0x000000541c7fda80): G1CollectForAllocation, mode: safepoint, requested by thread 0x000001e2ea52ab00


---------------  P R O C E S S  ---------------

Threads class SMR info:
_java_thread_list=0x000001e2fdfdddb0, length=13, elements={
0x000001e2ea52ab00, 0x000001e2ea5f0fc0, 0x000001e2ea5f25e0, 0x000001e2fd974c90,
0x000001e2fd978770, 0x000001e2fd979130, 0x000001e2fd979af0, 0x000001e2fd97a7e0,
0x000001e2fd97b290, 0x000001e2fd9ef770, 0x000001e2ea5d8730, 0x000001e2fdbd5550,
0x000001e2fe2eee20
}

Java Threads: ( => current thread )
  0x000001e2ea52ab00 JavaThread "main" [_thread_blocked, id=16788, stack(0x000000541c700000,0x000000541c800000)]
  0x000001e2ea5f0fc0 JavaThread "Reference Handler" daemon [_thread_blocked, id=17480, stack(0x000000541ce00000,0x000000541cf00000)]
  0x000001e2ea5f25e0 JavaThread "Finalizer" daemon [_thread_blocked, id=2128, stack(0x000000541cf00000,0x000000541d000000)]
  0x000001e2fd974c90 JavaThread "Signal Dispatcher" daemon [_thread_blocked, id=19040, stack(0x000000541d000000,0x000000541d100000)]
  0x000001e2fd978770 JavaThread "Attach Listener" daemon [_thread_blocked, id=12904, stack(0x000000541d100000,0x000000541d200000)]
  0x000001e2fd979130 JavaThread "Service Thread" daemon [_thread_blocked, id=17808, stack(0x000000541d200000,0x000000541d300000)]
  0x000001e2fd979af0 JavaThread "Monitor Deflation Thread" daemon [_thread_blocked, id=17360, stack(0x000000541d300000,0x000000541d400000)]
  0x000001e2fd97a7e0 JavaThread "C2 CompilerThread0" daemon [_thread_blocked, id=18600, stack(0x000000541d400000,0x000000541d500000)]
  0x000001e2fd97b290 JavaThread "C1 CompilerThread0" daemon [_thread_blocked, id=5384, stack(0x000000541d500000,0x000000541d600000)]
  0x000001e2fd9ef770 JavaThread "Sweeper thread" daemon [_thread_blocked, id=17520, stack(0x000000541d600000,0x000000541d700000)]
  0x000001e2ea5d8730 JavaThread "Common-Cleaner" daemon [_thread_blocked, id=12756, stack(0x000000541d700000,0x000000541d800000)]
  0x000001e2fdbd5550 JavaThread "Notification Thread" daemon [_thread_blocked, id=13448, stack(0x000000541d800000,0x000000541d900000)]
  0x000001e2fe2eee20 JavaThread "C2 CompilerThread1" daemon [_thread_blocked, id=9080, stack(0x000000541dd00000,0x000000541de00000)]

Other Threads:
=>0x000001e2ea5e9f40 VMThread "VM Thread" [stack: 0x000000541cd00000,0x000000541ce00000] [id=1772]
  0x000001e2fdbd8a50 WatcherThread [stack: 0x000000541d900000,0x000000541da00000] [id=14992]
  0x000001e2ea5981d0 GCTaskThread "GC Thread#0" [stack: 0x000000541c800000,0x000000541c900000] [id=5148]
  0x000001e2fdd2ecb0 GCTaskThread "GC Thread#1" [stack: 0x000000541da00000,0x000000541db00000] [id=1548]
  0x000001e2fdd37be0 GCTaskThread "GC Thread#2" [stack: 0x000000541db00000,0x000000541dc00000] [id=18744]
  0x000001e2fdd37ea0 GCTaskThread "GC Thread#3" [stack: 0x000000541dc00000,0x000000541dd00000] [id=17908]
  0x000001e2ea5a8fa0 ConcurrentGCThread "G1 Main Marker" [stack: 0x000000541c900000,0x000000541ca00000] [id=3472]
  0x000001e2ea5a99b0 ConcurrentGCThread "G1 Conc#0" [stack: 0x000000541ca00000,0x000000541cb00000] [id=11588]
  0x000001e2ea5bf830 ConcurrentGCThread "G1 Refine#0" [stack: 0x000000541cb00000,0x000000541cc00000] [id=9024]
  0x000001e2ea5c0260 ConcurrentGCThread "G1 Service" [stack: 0x000000541cc00000,0x000000541cd00000] [id=18636]

Threads with active compile tasks:
C2 CompilerThread0     1408 1192       4       com.sun.tools.javac.code.Symtab::enterPackage (79 bytes)
C2 CompilerThread1     1408 1216       4       java.util.HashMap::getNode (150 bytes)

VM state: at safepoint (normal execution)

VM Mutex/Monitor currently owned by a thread:  ([mutex/lock_event])
[0x000001e2ea526c70] Threads_lock - owner thread: 0x000001e2ea5e9f40
[0x000001e2ea526d00] Heap_lock - owner thread: 0x000001e2ea52ab00

Heap address: 0x0000000701800000, size: 4072 MB, Compressed Oops mode: Zero based, Oop shift amount: 3

CDS archive(s) mapped at: [0x000001e28f000000-0x000001e28fbd0000-0x000001e28fbd0000), size 12386304, SharedBaseAddress: 0x000001e28f000000, ArchiveRelocationMode: 1.
Compressed class space mapped at: 0x000001e290000000-0x000001e2d0000000, reserved size: 1073741824
Narrow klass base: 0x000001e28f000000, Narrow klass shift: 0, Narrow klass range: 0x100000000

GC Precious Log:
 CPUs: 4 total, 4 available
 Memory: 16281M
 Large Page Support: Disabled
 NUMA Support: Disabled
 Compressed Oops: Enabled (Zero based)
 Heap Region Size: 2M
 Heap Min Capacity: 8M
 Heap Initial Capacity: 8M
 Heap Max Capacity: 4072M
 Pre-touch: Disabled
 Parallel Workers: 4
 Concurrent Workers: 1
 Concurrent Refinement Workers: 4
 Periodic GC: Disabled

Heap:
 garbage-first heap   total 12288K, used 4179K [0x0000000701800000, 0x0000000800000000)
  region size 2048K, 1 young (2048K), 1 survivors (2048K)
 Metaspace       used 8242K, committed 8384K, reserved 1114112K
  class space    used 939K, committed 1024K, reserved 1048576K

Heap Regions: E=young(eden), S=young(survivor), O=old, HS=humongous(starts), HC=humongous(continues), CS=collection set, F=free, OA=open archive, CA=closed archive, TAMS=top-at-mark-start (previous, next)
|   0|0x0000000701800000, 0x0000000701a00000, 0x0000000701a00000|100%| O|  |TAMS 0x0000000701800000, 0x0000000701800000| Untracked 
|   1|0x0000000701a00000, 0x0000000701a00000, 0x0000000701c00000|  0%| F|  |TAMS 0x0000000701a00000, 0x0000000701a00000| Untracked 
|   2|0x0000000701c00000, 0x0000000701d09070, 0x0000000701e00000| 51%| S|CS|TAMS 0x0000000701c00000, 0x0000000701c00000| Complete 
|   3|0x0000000701e00000, 0x0000000701e00000, 0x0000000702000000|  0%| F|  |TAMS 0x0000000701e00000, 0x0000000701e00000| Untracked 
|   4|0x0000000702000000, 0x0000000702000000, 0x0000000702200000|  0%| F|  |TAMS 0x0000000702000000, 0x0000000702000000| Untracked 
|2035|0x00000007ffe00000, 0x00000007fff0bc00, 0x0000000800000000| 52%| O|  |TAMS 0x00000007ffe00000, 0x00000007ffe00000| Untracked 

Card table byte_map: [0x000001e2f25e0000,0x000001e2f2de0000] _byte_map_base: 0x000001e2eedd4000

Marking Bits (Prev, Next): (CMBitMap*) 0x000001e2ea5987f0, (CMBitMap*) 0x000001e2ea598830
 Prev Bits: [0x000001e2f35e0000, 0x000001e2f7580000)
 Next Bits: [0x000001e2f7580000, 0x000001e2fb520000)

Polling page: 0x000001e2e8480000

Metaspace:

Usage:
  Non-class:      7.13 MB used.
      Class:    939.28 KB used.
       Both:      8.05 MB used.

Virtual space:
  Non-class space:       64.00 MB reserved,       7.19 MB ( 11%) committed,  1 nodes.
      Class space:        1.00 GB reserved,       1.00 MB ( <1%) committed,  1 nodes.
             Both:        1.06 GB reserved,       8.19 MB ( <1%) committed. 

Chunk freelists:
   Non-Class:  6.45 MB
       Class:  14.94 MB
        Both:  21.39 MB

MaxMetaspaceSize: unlimited
CompressedClassSpaceSize: 1.00 GB
Initial GC threshold: 21.00 MB
Current GC threshold: 21.00 MB
CDS: on
MetaspaceReclaimPolicy: balanced
 - commit_granule_bytes: 65536.
 - commit_granule_words: 8192.
 - virtual_space_node_default_size: 8388608.
 - enlarge_chunks_in_place: 1.
 - new_chunks_are_fully_committed: 0.
 - uncommit_free_chunks: 1.
 - use_allocation_guard: 0.
 - handle_deallocations: 1.


Internal statistics:

num_allocs_failed_limit: 0.
num_arena_births: 64.
num_arena_deaths: 0.
num_vsnodes_births: 2.
num_vsnodes_deaths: 0.
num_space_committed: 131.
num_space_uncommitted: 0.
num_chunks_returned_to_freelist: 0.
num_chunks_taken_from_freelist: 338.
num_chunk_merges: 0.
num_chunk_splits: 237.
num_chunks_enlarged: 183.
num_inconsistent_stats: 0.

CodeHeap 'non-profiled nmethods': size=120000Kb used=368Kb max_used=368Kb free=119631Kb
 bounds [0x000001e287ad0000, 0x000001e287d40000, 0x000001e28f000000]
CodeHeap 'profiled nmethods': size=120000Kb used=2184Kb max_used=2184Kb free=117815Kb
 bounds [0x000001e280000000, 0x000001e280270000, 0x000001e287530000]
CodeHeap 'non-nmethods': size=5760Kb used=1127Kb max_used=1154Kb free=4632Kb
 bounds [0x000001e287530000, 0x000001e2877a0000, 0x000001e287ad0000]
 total_blobs=1617 nmethods=1213 adapters=316
 compilation: enabled
              stopped_count=0, restarted_count=0
 full_count=0

Compilation events (20 events):
Event: 1.332 Thread 0x000001e2fd97b290 1207   !   3       com.sun.tools.javac.file.JavacFileManager::pathsAndContainers (42 bytes)
Event: 1.333 Thread 0x000001e2fd97b290 nmethod 1207 0x000001e28021ee10 code [0x000001e28021f0a0, 0x000001e28021ffa8]
Event: 1.334 Thread 0x000001e2fd97b290 1208       3       com.sun.tools.javac.code.ClassFinder::fillIn (160 bytes)
Event: 1.335 Thread 0x000001e2fd97b290 nmethod 1208 0x000001e280220510 code [0x000001e2802207c0, 0x000001e280221598]
Event: 1.337 Thread 0x000001e2fe2eee20 nmethod 1193 0x000001e287b28a10 code [0x000001e287b28bc0, 0x000001e287b29708]
Event: 1.337 Thread 0x000001e2fe2eee20 1195       4       java.lang.StringLatin1::indexOf (121 bytes)
Event: 1.344 Thread 0x000001e2fd97b290 1210       3       com.sun.tools.javac.code.ClassFinder$1::<init> (39 bytes)
Event: 1.344 Thread 0x000001e2fd97b290 nmethod 1210 0x000001e280221a90 code [0x000001e280221c40, 0x000001e280222068]
Event: 1.344 Thread 0x000001e2fe2eee20 nmethod 1195 0x000001e287b29d90 code [0x000001e287b29f20, 0x000001e287b2a3f8]
Event: 1.345 Thread 0x000001e2fe2eee20 1209       4       com.sun.tools.javac.code.Type$ClassType::<init> (11 bytes)
Event: 1.355 Thread 0x000001e2fe2eee20 nmethod 1209 0x000001e287b2a710 code [0x000001e287b2a880, 0x000001e287b2ae18]
Event: 1.355 Thread 0x000001e2fe2eee20 1211       4       java.util.regex.Pattern$Node::study (21 bytes)
Event: 1.356 Thread 0x000001e2fe2eee20 nmethod 1211 0x000001e287b2ae90 code [0x000001e287b2b000, 0x000001e287b2b0b8]
Event: 1.359 Thread 0x000001e2fe2eee20 1212       4       java.util.stream.StreamSupport::stream (19 bytes)
Event: 1.365 Thread 0x000001e2fe2eee20 nmethod 1212 0x000001e287b2b190 code [0x000001e287b2b320, 0x000001e287b2b698]
Event: 1.365 Thread 0x000001e2fe2eee20 1213       4       java.util.stream.StreamOpFlag::fromCharacteristics (37 bytes)
Event: 1.366 Thread 0x000001e2fe2eee20 nmethod 1213 0x000001e287b2b810 code [0x000001e287b2b9a0, 0x000001e287b2ba58]
Event: 1.370 Thread 0x000001e2fe2eee20 1214       4       java.util.stream.AbstractPipeline::wrapSink (37 bytes)
Event: 1.375 Thread 0x000001e2fe2eee20 nmethod 1214 0x000001e287b2bb90 code [0x000001e287b2bd20, 0x000001e287b2bfd8]
Event: 1.375 Thread 0x000001e2fe2eee20 1216       4       java.util.HashMap::getNode (150 bytes)

GC Heap History (17 events):
Event: 0.388 GC heap before
{Heap before GC invocations=0 (full 0):
 garbage-first heap   total 8192K, used 2048K [0x0000000701800000, 0x0000000800000000)
  region size 2048K, 1 young (2048K), 0 survivors (0K)
 Metaspace       used 1583K, committed 1728K, reserved 1114112K
  class space    used 185K, committed 256K, reserved 1048576K
}
Event: 0.394 GC heap after
{Heap after GC invocations=1 (full 0):
 garbage-first heap   total 8192K, used 1048K [0x0000000701800000, 0x0000000800000000)
  region size 2048K, 1 young (2048K), 1 survivors (2048K)
 Metaspace       used 1583K, committed 1728K, reserved 1114112K
  class space    used 185K, committed 256K, reserved 1048576K
}
Event: 0.736 GC heap before
{Heap before GC invocations=1 (full 0):
 garbage-first heap   total 8192K, used 1048K [0x0000000701800000, 0x0000000800000000)
  region size 2048K, 2 young (4096K), 1 survivors (2048K)
 Metaspace       used 5420K, committed 5632K, reserved 1114112K
  class space    used 643K, committed 768K, reserved 1048576K
}
Event: 0.740 GC heap after
{Heap after GC invocations=2 (full 0):
 garbage-first heap   total 8192K, used 1901K [0x0000000701800000, 0x0000000800000000)
  region size 2048K, 1 young (2048K), 1 survivors (2048K)
 Metaspace       used 5420K, committed 5632K, reserved 1114112K
  class space    used 643K, committed 768K, reserved 1048576K
}
Event: 0.949 GC heap before
{Heap before GC invocations=2 (full 0):
 garbage-first heap   total 8192K, used 1901K [0x0000000701800000, 0x0000000800000000)
  region size 2048K, 2 young (4096K), 1 survivors (2048K)
 Metaspace       used 7544K, committed 7744K, reserved 1114112K
  class space    used 872K, committed 960K, reserved 1048576K
}
Event: 0.955 GC heap after
{Heap after GC invocations=3 (full 0):
 garbage-first heap   total 8192K, used 2533K [0x0000000701800000, 0x0000000800000000)
  region size 2048K, 1 young (2048K), 1 survivors (2048K)
 Metaspace       used 7544K, committed 7744K, reserved 1114112K
  class space    used 872K, committed 960K, reserved 1048576K
}
Event: 1.075 GC heap before
{Heap before GC invocations=3 (full 0):
 garbage-first heap   total 8192K, used 2533K [0x0000000701800000, 0x0000000800000000)
  region size 2048K, 2 young (4096K), 1 survivors (2048K)
 Metaspace       used 7909K, committed 8128K, reserved 1114112K
  class space    used 919K, committed 1024K, reserved 1048576K
}
Event: 1.080 GC heap after
{Heap after GC invocations=4 (full 0):
 garbage-first heap   total 8192K, used 3280K [0x0000000701800000, 0x0000000800000000)
  region size 2048K, 1 young (2048K), 1 survivors (2048K)
 Metaspace       used 7909K, committed 8128K, reserved 1114112K
  class space    used 919K, committed 1024K, reserved 1048576K
}
Event: 1.132 GC heap before
{Heap before GC invocations=4 (full 0):
 garbage-first heap   total 8192K, used 3280K [0x0000000701800000, 0x0000000800000000)
  region size 2048K, 2 young (4096K), 1 survivors (2048K)
 Metaspace       used 8027K, committed 8256K, reserved 1114112K
  class space    used 926K, committed 1024K, reserved 1048576K
}
Event: 1.136 GC heap after
{Heap after GC invocations=5 (full 0):
 garbage-first heap   total 12288K, used 3529K [0x0000000701800000, 0x0000000800000000)
  region size 2048K, 1 young (2048K), 1 survivors (2048K)
 Metaspace       used 8027K, committed 8256K, reserved 1114112K
  class space    used 926K, committed 1024K, reserved 1048576K
}
Event: 1.215 GC heap before
{Heap before GC invocations=5 (full 0):
 garbage-first heap   total 12288K, used 3529K [0x0000000701800000, 0x0000000800000000)
  region size 2048K, 2 young (4096K), 1 survivors (2048K)
 Metaspace       used 8153K, committed 8384K, reserved 1114112K
  class space    used 934K, committed 1024K, reserved 1048576K
}
Event: 1.217 GC heap after
{Heap after GC invocations=6 (full 0):
 garbage-first heap   total 12288K, used 3758K [0x0000000701800000, 0x0000000800000000)
  region size 2048K, 1 young (2048K), 1 survivors (2048K)
 Metaspace       used 8153K, committed 8384K, reserved 1114112K
  class space    used 934K, committed 1024K, reserved 1048576K
}
Event: 1.264 GC heap before
{Heap before GC invocations=6 (full 0):
 garbage-first heap   total 12288K, used 3758K [0x0000000701800000, 0x0000000800000000)
  region size 2048K, 2 young (4096K), 1 survivors (2048K)
 Metaspace       used 8207K, committed 8384K, reserved 1114112K
  class space    used 939K, committed 1024K, reserved 1048576K
}
Event: 1.267 GC heap after
{Heap after GC invocations=7 (full 0):
 garbage-first heap   total 12288K, used 4004K [0x0000000701800000, 0x0000000800000000)
  region size 2048K, 1 young (2048K), 1 survivors (2048K)
 Metaspace       used 8207K, committed 8384K, reserved 1114112K
  class space    used 939K, committed 1024K, reserved 1048576K
}
Event: 1.310 GC heap before
{Heap before GC invocations=7 (full 0):
 garbage-first heap   total 12288K, used 6052K [0x0000000701800000, 0x0000000800000000)
  region size 2048K, 2 young (4096K), 1 survivors (2048K)
 Metaspace       used 8224K, committed 8384K, reserved 1114112K
  class space    used 939K, committed 1024K, reserved 1048576K
}
Event: 1.312 GC heap after
{Heap after GC invocations=8 (full 0):
 garbage-first heap   total 12288K, used 3965K [0x0000000701800000, 0x0000000800000000)
  region size 2048K, 1 young (2048K), 1 survivors (2048K)
 Metaspace       used 8224K, committed 8384K, reserved 1114112K
  class space    used 939K, committed 1024K, reserved 1048576K
}
Event: 1.376 GC heap before
{Heap before GC invocations=8 (full 0):
 garbage-first heap   total 12288K, used 6013K [0x0000000701800000, 0x0000000800000000)
  region size 2048K, 2 young (4096K), 1 survivors (2048K)
 Metaspace       used 8242K, committed 8384K, reserved 1114112K
  class space    used 939K, committed 1024K, reserved 1048576K
}

Deoptimization events (20 events):
Event: 1.224 Thread 0x000001e2ea52ab00 Uncommon trap: trap_request=0xffffffbe fr.pc=0x000001e287b15aac relative=0x000000000000048c
Event: 1.224 Thread 0x000001e2ea52ab00 Uncommon trap: reason=profile_predicate action=maybe_recompile pc=0x000001e287b15aac method=java.lang.StringLatin1.indexOf([BI[BII)I @ 18 c2
Event: 1.224 Thread 0x000001e2ea52ab00 DEOPT PACKING pc=0x000001e287b15aac sp=0x000000541c7fddd0
Event: 1.224 Thread 0x000001e2ea52ab00 DEOPT UNPACKING pc=0x000001e2875823a3 sp=0x000000541c7fdd30 mode 2
Event: 1.248 Thread 0x000001e2ea52ab00 Uncommon trap: trap_request=0xffffffbe fr.pc=0x000001e287b15aac relative=0x000000000000048c
Event: 1.248 Thread 0x000001e2ea52ab00 Uncommon trap: reason=profile_predicate action=maybe_recompile pc=0x000001e287b15aac method=java.lang.StringLatin1.indexOf([BI[BII)I @ 18 c2
Event: 1.248 Thread 0x000001e2ea52ab00 DEOPT PACKING pc=0x000001e287b15aac sp=0x000000541c7fddd0
Event: 1.248 Thread 0x000001e2ea52ab00 DEOPT UNPACKING pc=0x000001e2875823a3 sp=0x000000541c7fdd30 mode 2
Event: 1.274 Thread 0x000001e2ea52ab00 Uncommon trap: trap_request=0xffffffbe fr.pc=0x000001e287b15aac relative=0x000000000000048c
Event: 1.274 Thread 0x000001e2ea52ab00 Uncommon trap: reason=profile_predicate action=maybe_recompile pc=0x000001e287b15aac method=java.lang.StringLatin1.indexOf([BI[BII)I @ 18 c2
Event: 1.274 Thread 0x000001e2ea52ab00 DEOPT PACKING pc=0x000001e287b15aac sp=0x000000541c7fddd0
Event: 1.274 Thread 0x000001e2ea52ab00 DEOPT UNPACKING pc=0x000001e2875823a3 sp=0x000000541c7fdd30 mode 2
Event: 1.278 Thread 0x000001e2ea52ab00 Uncommon trap: trap_request=0xffffffde fr.pc=0x000001e287b04e7c relative=0x000000000000053c
Event: 1.278 Thread 0x000001e2ea52ab00 Uncommon trap: reason=class_check action=maybe_recompile pc=0x000001e287b04e7c method=java.util.HashMap.getNode(Ljava/lang/Object;)Ljava/util/HashMap$Node; @ 128 c2
Event: 1.278 Thread 0x000001e2ea52ab00 DEOPT PACKING pc=0x000001e287b04e7c sp=0x000000541c7fe070
Event: 1.278 Thread 0x000001e2ea52ab00 DEOPT UNPACKING pc=0x000001e2875823a3 sp=0x000000541c7fdfe8 mode 2
Event: 1.303 Thread 0x000001e2ea52ab00 Uncommon trap: trap_request=0xffffffbe fr.pc=0x000001e287b15aac relative=0x000000000000048c
Event: 1.303 Thread 0x000001e2ea52ab00 Uncommon trap: reason=profile_predicate action=maybe_recompile pc=0x000001e287b15aac method=java.lang.StringLatin1.indexOf([BI[BII)I @ 18 c2
Event: 1.303 Thread 0x000001e2ea52ab00 DEOPT PACKING pc=0x000001e287b15aac sp=0x000000541c7fddd0
Event: 1.303 Thread 0x000001e2ea52ab00 DEOPT UNPACKING pc=0x000001e2875823a3 sp=0x000000541c7fdd30 mode 2

Classes unloaded (0 events):
No events

Classes redefined (0 events):
No events

Internal exceptions (20 events):
Event: 1.125 Thread 0x000001e2ea52ab00 Exception <a 'sun/nio/fs/WindowsException'{0x0000000701fdf358}> (0x0000000701fdf358) 
thrown [s\open\src\hotspot\share\prims\jni.cpp, line 516]
Event: 1.125 Thread 0x000001e2ea52ab00 Exception <a 'sun/nio/fs/WindowsException'{0x0000000701fe0020}> (0x0000000701fe0020) 
thrown [s\open\src\hotspot\share\prims\jni.cpp, line 516]
Event: 1.125 Thread 0x000001e2ea52ab00 Exception <a 'sun/nio/fs/WindowsException'{0x0000000701fe0350}> (0x0000000701fe0350) 
thrown [s\open\src\hotspot\share\prims\jni.cpp, line 516]
Event: 1.125 Thread 0x000001e2ea52ab00 Exception <a 'sun/nio/fs/WindowsException'{0x0000000701fe0f80}> (0x0000000701fe0f80) 
thrown [s\open\src\hotspot\share\prims\jni.cpp, line 516]
Event: 1.125 Thread 0x000001e2ea52ab00 Exception <a 'sun/nio/fs/WindowsException'{0x0000000701fe1298}> (0x0000000701fe1298) 
thrown [s\open\src\hotspot\share\prims\jni.cpp, line 516]
Event: 1.129 Thread 0x000001e2ea52ab00 Exception <a 'java/lang/NoSuchMethodError'{0x0000000701ff20a0}: 'int java.lang.invoke.DirectMethodHandle$Holder.invokeSpecial(java.lang.Object, java.lang.Object, java.lang.Object)'> (0x0000000701ff20a0) 
thrown [s\open\src\hotspot\share\interpreter\linkResolver.cpp, line 759]
Event: 1.131 Thread 0x000001e2ea52ab00 Exception <a 'sun/nio/fs/WindowsException'{0x0000000701ff86a8}> (0x0000000701ff86a8) 
thrown [s\open\src\hotspot\share\prims\jni.cpp, line 516]
Event: 1.131 Thread 0x000001e2ea52ab00 Exception <a 'sun/nio/fs/WindowsException'{0x0000000701ff8a28}> (0x0000000701ff8a28) 
thrown [s\open\src\hotspot\share\prims\jni.cpp, line 516]
Event: 1.256 Thread 0x000001e2ea52ab00 Exception <a 'sun/nio/fs/WindowsException'{0x00000007021959c0}> (0x00000007021959c0) 
thrown [s\open\src\hotspot\share\prims\jni.cpp, line 516]
Event: 1.256 Thread 0x000001e2ea52ab00 Exception <a 'sun/nio/fs/WindowsException'{0x0000000702195d48}> (0x0000000702195d48) 
thrown [s\open\src\hotspot\share\prims\jni.cpp, line 516]
Event: 1.282 Thread 0x000001e2ea52ab00 Exception <a 'sun/nio/fs/WindowsException'{0x00000007020cb4b0}> (0x00000007020cb4b0) 
thrown [s\open\src\hotspot\share\prims\jni.cpp, line 516]
Event: 1.282 Thread 0x000001e2ea52ab00 Exception <a 'sun/nio/fs/WindowsException'{0x00000007020cb840}> (0x00000007020cb840) 
thrown [s\open\src\hotspot\share\prims\jni.cpp, line 516]
Event: 1.309 Thread 0x000001e2ea52ab00 Exception <a 'sun/nio/fs/WindowsException'{0x00000007021ff1b8}> (0x00000007021ff1b8) 
thrown [s\open\src\hotspot\share\prims\jni.cpp, line 516]
Event: 1.310 Thread 0x000001e2ea52ab00 Exception <a 'sun/nio/fs/WindowsException'{0x00000007021ff4d0}> (0x00000007021ff4d0) 
thrown [s\open\src\hotspot\share\prims\jni.cpp, line 516]
Event: 1.313 Thread 0x000001e2ea52ab00 Exception <a 'sun/nio/fs/WindowsException'{0x0000000702001570}> (0x0000000702001570) 
thrown [s\open\src\hotspot\share\prims\jni.cpp, line 516]
Event: 1.313 Thread 0x000001e2ea52ab00 Exception <a 'sun/nio/fs/WindowsException'{0x00000007020018e8}> (0x00000007020018e8) 
thrown [s\open\src\hotspot\share\prims\jni.cpp, line 516]
Event: 1.313 Thread 0x000001e2ea52ab00 Exception <a 'sun/nio/fs/WindowsException'{0x00000007020034b8}> (0x00000007020034b8) 
thrown [s\open\src\hotspot\share\prims\jni.cpp, line 516]
Event: 1.313 Thread 0x000001e2ea52ab00 Exception <a 'sun/nio/fs/WindowsException'{0x0000000702003848}> (0x0000000702003848) 
thrown [s\open\src\hotspot\share\prims\jni.cpp, line 516]
Event: 1.314 Thread 0x000001e2ea52ab00 Exception <a 'sun/nio/fs/WindowsException'{0x0000000702005488}> (0x0000000702005488) 
thrown [s\open\src\hotspot\share\prims\jni.cpp, line 516]
Event: 1.314 Thread 0x000001e2ea52ab00 Exception <a 'sun/nio/fs/WindowsException'{0x0000000702005848}> (0x0000000702005848) 
thrown [s\open\src\hotspot\share\prims\jni.cpp, line 516]

VM Operations (20 events):
Event: 0.458 Executing VM operation: HandshakeAllThreads done
Event: 0.735 Executing VM operation: G1CollectForAllocation
Event: 0.740 Executing VM operation: G1CollectForAllocation done
Event: 0.783 Executing VM operation: HandshakeAllThreads
Event: 0.783 Executing VM operation: HandshakeAllThreads done
Event: 0.897 Executing VM operation: HandshakeAllThreads
Event: 0.897 Executing VM operation: HandshakeAllThreads done
Event: 0.949 Executing VM operation: G1CollectForAllocation
Event: 0.955 Executing VM operation: G1CollectForAllocation done
Event: 1.075 Executing VM operation: G1CollectForAllocation
Event: 1.080 Executing VM operation: G1CollectForAllocation done
Event: 1.132 Executing VM operation: G1CollectForAllocation
Event: 1.136 Executing VM operation: G1CollectForAllocation done
Event: 1.214 Executing VM operation: G1CollectForAllocation
Event: 1.217 Executing VM operation: G1CollectForAllocation done
Event: 1.264 Executing VM operation: G1CollectForAllocation
Event: 1.267 Executing VM operation: G1CollectForAllocation done
Event: 1.310 Executing VM operation: G1CollectForAllocation
Event: 1.312 Executing VM operation: G1CollectForAllocation done
Event: 1.375 Executing VM operation: G1CollectForAllocation

Events (20 events):
Event: 1.072 loading class java/util/stream/Nodes$EmptyNode$OfLong
Event: 1.072 loading class java/util/stream/Node$OfLong
Event: 1.072 loading class java/util/stream/Node$OfLong done
Event: 1.072 loading class java/util/stream/Nodes$EmptyNode$OfLong done
Event: 1.072 loading class java/util/stream/Nodes$EmptyNode$OfDouble
Event: 1.072 loading class java/util/stream/Node$OfDouble
Event: 1.072 loading class java/util/stream/Node$OfDouble done
Event: 1.072 loading class java/util/stream/Nodes$EmptyNode$OfDouble done
Event: 1.073 loading class java/util/stream/Nodes$SpinedNodeBuilder
Event: 1.073 loading class java/util/stream/Node$Builder
Event: 1.073 loading class java/util/stream/Node$Builder done
Event: 1.073 loading class java/util/stream/Nodes$SpinedNodeBuilder done
Event: 1.213 loading class java/util/stream/Nodes$FixedNodeBuilder
Event: 1.213 loading class java/util/stream/Nodes$ArrayNode
Event: 1.213 loading class java/util/stream/Nodes$ArrayNode done
Event: 1.213 loading class java/util/stream/Nodes$FixedNodeBuilder done
Event: 1.222 loading class java/text/MessageFormat
Event: 1.223 loading class java/text/MessageFormat done
Event: 1.224 loading class java/text/MessageFormat$Field
Event: 1.224 loading class java/text/MessageFormat$Field done


Dynamic libraries:
0x00007ff6d13f0000 - 0x00007ff6d13f8000 	C:\Program Files\Java\jdk-17\bin\javac.exe
0x00007ffd3bff0000 - 0x00007ffd3c1e8000 	C:\WINDOWS\SYSTEM32\ntdll.dll
0x00007ffd3acf0000 - 0x00007ffd3adb2000 	C:\WINDOWS\System32\KERNEL32.DLL
0x00007ffd39b30000 - 0x00007ffd39e26000 	C:\WINDOWS\System32\KERNELBASE.dll
0x00007ffd39860000 - 0x00007ffd39960000 	C:\WINDOWS\System32\ucrtbase.dll
0x00007ffcf47a0000 - 0x00007ffcf47b9000 	C:\Program Files\Java\jdk-17\bin\jli.dll
0x00007ffd3b840000 - 0x00007ffd3b8f1000 	C:\WINDOWS\System32\ADVAPI32.dll
0x00007ffd3bf10000 - 0x00007ffd3bfae000 	C:\WINDOWS\System32\msvcrt.dll
0x00007ffd3a010000 - 0x00007ffd3a0af000 	C:\WINDOWS\System32\sechost.dll
0x00007ffd3abd0000 - 0x00007ffd3acf0000 	C:\WINDOWS\System32\RPCRT4.dll
0x00007ffd39f50000 - 0x00007ffd39f77000 	C:\WINDOWS\System32\bcrypt.dll
0x00007ffd3b980000 - 0x00007ffd3bb21000 	C:\WINDOWS\System32\USER32.dll
0x00007ffd39b00000 - 0x00007ffd39b22000 	C:\WINDOWS\System32\win32u.dll
0x00007ffd3adf0000 - 0x00007ffd3ae1b000 	C:\WINDOWS\System32\GDI32.dll
0x00007ffd39e30000 - 0x00007ffd39f49000 	C:\WINDOWS\System32\gdi32full.dll
0x00007ffd39960000 - 0x00007ffd399fd000 	C:\WINDOWS\System32\msvcp_win.dll
0x00007ffcfa120000 - 0x00007ffcfa13b000 	C:\Program Files\Java\jdk-17\bin\VCRUNTIME140.dll
0x00007ffd1bbc0000 - 0x00007ffd1be5b000 	C:\WINDOWS\WinSxS\amd64_microsoft.windows.common-controls_6595b64144ccf1df_6.0.19041.6456_none_60b8a6cb71f64256\COMCTL32.dll
0x00007ffd2e6c0000 - 0x00007ffd2e6ca000 	C:\WINDOWS\SYSTEM32\VERSION.dll
0x00007ffd3adc0000 - 0x00007ffd3adef000 	C:\WINDOWS\System32\IMM32.DLL
0x00007ffd028b0000 - 0x00007ffd028bc000 	C:\Program Files\Java\jdk-17\bin\vcruntime140_1.dll
0x00007ffcc26c0000 - 0x00007ffcc274e000 	C:\Program Files\Java\jdk-17\bin\msvcp140.dll
0x00007ffcb9c10000 - 0x00007ffcba7ef000 	C:\Program Files\Java\jdk-17\bin\server\jvm.dll
0x00007ffd3be00000 - 0x00007ffd3be08000 	C:\WINDOWS\System32\PSAPI.DLL
0x00007ffd240a0000 - 0x00007ffd240a9000 	C:\WINDOWS\SYSTEM32\WSOCK32.dll
0x00007ffd3bd90000 - 0x00007ffd3bdfb000 	C:\WINDOWS\System32\WS2_32.dll
0x00007ffd23200000 - 0x00007ffd23227000 	C:\WINDOWS\SYSTEM32\WINMM.dll
0x00007ffd37e80000 - 0x00007ffd37e92000 	C:\WINDOWS\SYSTEM32\kernel.appcore.dll
0x00007ffcfdf10000 - 0x00007ffcfdf1a000 	C:\Program Files\Java\jdk-17\bin\jimage.dll
0x00007ffd34340000 - 0x00007ffd34541000 	C:\WINDOWS\SYSTEM32\DBGHELP.DLL
0x00007ffd1fc10000 - 0x00007ffd1fc44000 	C:\WINDOWS\SYSTEM32\dbgcore.DLL
0x00007ffd39f80000 - 0x00007ffd3a002000 	C:\WINDOWS\System32\bcryptPrimitives.dll
0x00007ffcf9840000 - 0x00007ffcf9865000 	C:\Program Files\Java\jdk-17\bin\java.dll
0x00007ffcea900000 - 0x00007ffcea9d7000 	C:\Program Files\Java\jdk-17\bin\jsvml.dll
0x00007ffd3b070000 - 0x00007ffd3b7e0000 	C:\WINDOWS\System32\SHELL32.dll
0x00007ffd34550000 - 0x00007ffd34cf5000 	C:\WINDOWS\SYSTEM32\windows.storage.dll
0x00007ffd3a5d0000 - 0x00007ffd3a924000 	C:\WINDOWS\System32\combase.dll
0x00007ffd38ef0000 - 0x00007ffd38f1b000 	C:\WINDOWS\SYSTEM32\Wldp.dll
0x00007ffd3ab00000 - 0x00007ffd3abcd000 	C:\WINDOWS\System32\OLEAUT32.dll
0x00007ffd3afb0000 - 0x00007ffd3b05d000 	C:\WINDOWS\System32\SHCORE.dll
0x00007ffd3b7e0000 - 0x00007ffd3b83b000 	C:\WINDOWS\System32\shlwapi.dll
0x00007ffd395b0000 - 0x00007ffd395d4000 	C:\WINDOWS\SYSTEM32\profapi.dll
0x00007ffcf86e0000 - 0x00007ffcf86f9000 	C:\Program Files\Java\jdk-17\bin\net.dll
0x00007ffd2daa0000 - 0x00007ffd2dbaa000 	C:\WINDOWS\SYSTEM32\WINHTTP.dll
0x00007ffd38cd0000 - 0x00007ffd38d3a000 	C:\WINDOWS\system32\mswsock.dll
0x00007ffcf5440000 - 0x00007ffcf5456000 	C:\Program Files\Java\jdk-17\bin\nio.dll

dbghelp: loaded successfully - version: 4.0.5 - missing functions: none
symbol engine: initialized successfully - sym options: 0x614 - pdb path: .;C:\Program Files\Java\jdk-17\bin;C:\WINDOWS\SYSTEM32;C:\WINDOWS\WinSxS\amd64_microsoft.windows.common-controls_6595b64144ccf1df_6.0.19041.6456_none_60b8a6cb71f64256;C:\Program Files\Java\jdk-17\bin\server

VM Arguments:
jvm_args: -Dapplication.home=C:\Program Files\Java\jdk-17 --add-modules=ALL-DEFAULT -Xms8m -Djdk.module.main=jdk.compiler 
java_command: jdk.compiler/com.sun.tools.javac.Main AttendanceController.java
java_class_path (initial): <not set>
Launcher Type: SUN_STANDARD

[Global flags]
     intx CICompilerCount                          = 3                                         {product} {ergonomic}
     uint ConcGCThreads                            = 1                                         {product} {ergonomic}
     uint G1ConcRefinementThreads                  = 4                                         {product} {ergonomic}
   size_t G1HeapRegionSize                         = 2097152                                   {product} {ergonomic}
    uintx GCDrainStackTargetSize                   = 64                                        {product} {ergonomic}
   size_t InitialHeapSize                          = 8388608                                   {product} {command line}
   size_t MarkStackSize                            = 4194304                                   {product} {ergonomic}
   size_t MaxHeapSize                              = 4269801472                                {product} {ergonomic}
   size_t MaxNewSize                               = 2560622592                                {product} {ergonomic}
   size_t MinHeapDeltaBytes                        = 2097152                                   {product} {ergonomic}
   size_t MinHeapSize                              = 8388608                                   {product} {command line}
    uintx NonNMethodCodeHeapSize                   = 5832780                                {pd product} {ergonomic}
    uintx NonProfiledCodeHeapSize                  = 122912730                              {pd product} {ergonomic}
    uintx ProfiledCodeHeapSize                     = 122912730                              {pd product} {ergonomic}
    uintx ReservedCodeCacheSize                    = 251658240                              {pd product} {ergonomic}
     bool SegmentedCodeCache                       = true                                      {product} {ergonomic}
   size_t SoftMaxHeapSize                          = 4269801472                             {manageable} {ergonomic}
     bool UseCompressedClassPointers               = true                           {product lp64_product} {ergonomic}
     bool UseCompressedOops                        = true                           {product lp64_product} {ergonomic}
     bool UseG1GC                                  = true                                      {product} {ergonomic}
     bool UseLargePagesIndividualAllocation        = false                                  {pd product} {ergonomic}

Logging:
Log output configuration:
 #0: stdout all=warning uptime,level,tags
 #1: stderr all=off uptime,level,tags

Environment Variables:
JAVA_HOME=C:\Program Files\Java\jdk-17
PATH=G:\WINDOWS.X64_193000_db_home\bin;C:\Users\BLAISE\Downloads\Compressed\WINDOWS.X64_193000_db_home\bin;C:\Users\BLAISE\Downloads\Compressed\WINDOWS.X64_213000_db_home\bin;C:\Program Files\Common Files\Oracle\Java\javapath;C:\ProgramData\Oracle\Java\javapath;C:\WINDOWS\system32;C:\WINDOWS;C:\WINDOWS\System32\Wbem;C:\WINDOWS\System32\WindowsPowerShell\v1.0\;C:\WINDOWS\System32\OpenSSH\;C:\Program Files\Microsoft VS Code\bin;C:\Program Files\dotnet\;C:\apache-maven-3.9.9-bin\bin;%JAVA_HOME\bin;c:\Users\BLAISE\AppData\Local\Programs\cursor\resources\app\bin;C:\Program Files\Microsoft SQL Server\Client SDK\ODBC\170\Tools\Binn\;C:\Program Files (x86)\Windows Kits\10\Windows Performance Toolkit\;C:\Users\BLAISE\AppData\Local\Programs\Python\Python310;C:\Users\BLAISE\AppData\Local\Programs\Python\Python310\Scripts;C:\Program Files (x86)\Microsoft SQL Server\160\Tools\Binn\;C:\Program Files\Microsoft SQL Server\160\Tools\Binn\;C:\Program Files\Microsoft SQL Server\160\DTS\Binn\;C:\Program Files\nodejs\;C:\Program Files\Microsoft SQL Server\150\Tools\Binn\;C:\Program Files\Git\cmd;C:\Program Files\Microsoft SQL Server\170\DTS\Binn\;G:\WINDOWS.X64_193000_db_home\bin;C:\Users\BLAISE\Downloads\Compressed\WINDOWS.X64_193000_db_home\bin;C:\Users\BLAISE\Downloads\Compressed\WINDOWS.X64_213000_db_home\bin;C:\Program Files\Common Files\Oracle\Java\javapath;C:\ProgramData\Oracle\Java\javapath;C:\WINDOWS\system32;C:\WINDOWS;C:\WINDOWS\System32\Wbem;C:\WINDOWS\System32\WindowsPowerShell\v1.0\;C:\WINDOWS\System32\OpenSSH\;C:\Program Files\Microsoft VS Code\bin;C:\Program Files\dotnet\;C:\apache-maven-3.9.9-bin\bin;%JAVA_HOME\bin;C:\Program Files\nodejs\;c:\Users\BLAISE\AppData\Local\Programs\cursor\resources\app\bin;C:\Program Files\Git\cmd;C:\Program Files\Microsoft SQL Server\150\Tools\Binn\;C:\Program Files\Microsoft SQL Server\Client SDK\ODBC\170\Tools\Binn\;C:\Program Files (x86)\Windows Kits\10\Windows Performance Toolkit\;C:\Users\BLAISE\AppData\Local\Programs\Python\Python310;C:
USERNAME=BLAISE
OS=Windows_NT
PROCESSOR_IDENTIFIER=Intel64 Family 6 Model 142 Stepping 9, GenuineIntel



---------------  S Y S T E M  ---------------

OS:
 Windows 10 , 64 bit Build 19041 (10.0.19041.5915)
OS uptime: 0 days 19:04 hours
Hyper-V role detected

CPU: total 4 (initial active 4) (2 cores per cpu, 2 threads per core) family 6 model 142 stepping 9 microcode 0xb4, cx8, cmov, fxsr, ht, mmx, 3dnowpref, sse, sse2, sse3, ssse3, sse4.1, sse4.2, popcnt, lzcnt, tsc, tscinvbit, avx, avx2, aes, erms, clmul, bmi1, bmi2, adx, fma, vzeroupper, clflush, clflushopt, hv

Memory: 4k page, system-wide physical 16281M (463M free)
TotalPageFile size 22179M (AvailPageFile size 5M)
current process WorkingSet (physical memory assigned to process): 70M, peak: 71M
current process commit charge ("private bytes"): 98M, peak: 107M

vm_info: Java HotSpot(TM) 64-Bit Server VM (17.0.10+11-LTS-240) for windows-amd64 JRE (17.0.10+11-LTS-240), built on Dec 19 2023 21:47:25 by "mach5one" with MS VC++ 17.1 (VS2022)

END.
